******************************************************************************
             TMS320C2000 Linker PC v18.1.3                     
******************************************************************************
>> Linked Tue Oct 23 12:21:58 2018

OUTPUT FILE NAME:   <ADC_PWM_TIMER.out>
ENTRY POINT SYMBOL: "_c_int00"  address: 00008d57


MEMORY CONFIGURATION

         name            origin    length      used     unused   attr    fill
----------------------  --------  ---------  --------  --------  ----  --------
PAGE 0:
  BEGIN                 00000000   00000002  00000002  00000000  RWIX
  RAMM0                 00000050   000003b0  00000059  00000357  RWIX
  RAML0_L3              00008000   00002000  00001081  00000f7f  RWIX
  FPUTABLES             003fd860   000006a0  00000000  000006a0  RWIX
  IQTABLES              003fdf00   00000b50  00000b50  00000000  RWIX
  IQTABLES2             003fea50   0000008c  00000000  0000008c  RWIX
  IQTABLES3             003feadc   000000aa  00000000  000000aa  RWIX
  BOOTROM               003ff3b0   00000c10  00000000  00000c10  RWIX
  RESET                 003fffc0   00000002  00000000  00000002  RWIX

PAGE 1:
  BOOT_RSVD             00000002   0000004e  00000000  0000004e  RWIX
  RAMM1                 00000400   00000400  00000300  00000100  RWIX
  DEV_EMU               00000880   00000105  00000004  00000101  RWIX
  SYS_PWR_CTL           00000985   00000003  00000003  00000000  RWIX
  FLASH_REGS            00000a80   00000060  00000008  00000058  RWIX
  CSM                   00000ae0   00000020  00000010  00000010  RWIX
  ADC_RESULT            00000b00   00000020  00000010  00000010  RWIX
  CPU_TIMER0            00000c00   00000008  00000008  00000000  RWIX
  CPU_TIMER1            00000c08   00000008  00000008  00000000  RWIX
  CPU_TIMER2            00000c10   00000008  00000008  00000000  RWIX
  PIE_CTRL              00000ce0   00000020  0000001a  00000006  RWIX
  PIE_VECT              00000d00   00000100  00000100  00000000  RWIX
  DMA                   00001000   00000200  000000e0  00000120  RWIX
  CLA1                  00001400   00000080  00000040  00000040  RWIX
  USB0                  00004000   00001000  00000454  00000bac  RWIX
  McBSPA                00005000   00000040  00000024  0000001c  RWIX
  ECANA                 00006000   00000040  00000034  0000000c  RWIX
  ECANA_LAM             00006040   00000040  00000040  00000000  RWIX
  ECANA_MOTS            00006080   00000040  00000040  00000000  RWIX
  ECANA_MOTO            000060c0   00000040  00000040  00000000  RWIX
  ECANA_MBOX            00006100   00000100  00000100  00000000  RWIX
  COMP1                 00006400   00000020  00000014  0000000c  RWIX
  COMP2                 00006420   00000020  00000014  0000000c  RWIX
  COMP3                 00006440   00000020  00000014  0000000c  RWIX
  EPWM1                 00006800   00000040  00000040  00000000  RWIX
  EPWM2                 00006840   00000040  00000040  00000000  RWIX
  EPWM3                 00006880   00000040  00000040  00000000  RWIX
  EPWM4                 000068c0   00000040  00000040  00000000  RWIX
  EPWM5                 00006900   00000040  00000040  00000000  RWIX
  EPWM6                 00006940   00000040  00000040  00000000  RWIX
  EPWM7                 00006980   00000040  00000040  00000000  RWIX
  EPWM8                 000069c0   00000040  00000040  00000000  RWIX
  ECAP1                 00006a00   00000020  00000020  00000000  RWIX
  ECAP2                 00006a20   00000020  00000020  00000000  RWIX
  ECAP3                 00006a40   00000020  00000020  00000000  RWIX
  HRCAP1                00006ac0   00000020  00000020  00000000  RWIX
  HRCAP2                00006ae0   00000020  00000020  00000000  RWIX
  EQEP1                 00006b00   00000040  00000022  0000001e  RWIX
  EQEP2                 00006b40   00000040  00000022  0000001e  RWIX
  HRCAP3                00006c80   00000020  00000020  00000000  RWIX
  HRCAP4                00006ca0   00000020  00000020  00000000  RWIX
  GPIOCTRL              00006f80   00000040  00000040  00000000  RWIX
  GPIODAT               00006fc0   00000020  00000020  00000000  RWIX
  GPIOINT               00006fe0   00000020  00000020  00000000  RWIX
  SYSTEM                00007010   00000030  00000030  00000000  RWIX
  SPIA                  00007040   00000010  00000010  00000000  RWIX
  SCIA                  00007050   00000010  00000010  00000000  RWIX
  NMIINTRUPT            00007060   00000010  00000010  00000000  RWIX
  XINTRUPT              00007070   00000010  00000010  00000000  RWIX
  ADC                   00007100   00000080  00000050  00000030  RWIX
  SPIB                  00007740   00000010  00000010  00000000  RWIX
  SCIB                  00007750   00000010  00000010  00000000  RWIX
  I2CA                  00007900   00000040  00000022  0000001e  RWIX
  RAML4                 0000a000   00002000  00000330  00001cd0  RWIX
  RAML5                 0000c000   00002000  00000000  00002000  RWIX
  RAML6                 0000e000   00002000  00000000  00002000  RWIX
  RAML7                 00010000   00002000  00000000  00002000  RWIX
  RAML8                 00012000   00002000  00000000  00002000  RWIX
  USB_RAM               00040000   00000800  00000000  00000800  RWIX
  PARTID                003d7e80   00000001  00000001  00000000  RWIX
  CSM_PWL               003f7ff8   00000008  00000008  00000000  RWIX


SECTION ALLOCATION MAP

 output                                  attributes/
section   page    origin      length       input sections
--------  ----  ----------  ----------   ----------------
codestart 
*          0    00000000    00000002     
                  00000000    00000002     F2806x_CodeStartBranch.obj (codestart)

.cinit     0    00000050    00000055     
                  00000050    00000031     adc.obj (.cinit)
                  00000081    0000000e     rts2800_fpu32.lib : exit.c.obj (.cinit)
                  0000008f    0000000a     ecap.obj (.cinit)
                  00000099    00000005     rts2800_fpu32.lib : _lock.c.obj (.cinit:__lock)
                  0000009e    00000005                       : _lock.c.obj (.cinit:__unlock)
                  000000a3    00000002     --HOLE-- [fill = 0]

.text      0    00008000    00001006     
                  00008000    0000039b     F2806x_DefaultIsr.obj (.text:retain)
                  0000839b    00000250     adc.obj (.text:retain)
                  000085eb    0000022b     F2806x_Adc.obj (.text)
                  00008816    0000018c     F2806x_SysCtrl.obj (.text)
                  000089a2    000000d8     F2806x_EPwm.obj (.text)
                  00008a7a    000000cc     adc.obj (.text)
                  00008b46    000000a2     ecap.obj (.text:retain)
                  00008be8    00000088     rts2800_fpu32.lib : fs_div28.asm.obj (.text)
                  00008c70    00000076     F2806x_CpuTimers.obj (.text)
                  00008ce6    00000071     epwm.obj (.text)
                  00008d57    00000056     rts2800_fpu32.lib : boot28.asm.obj (.text)
                  00008dad    00000051     ecap.obj (.text)
                  00008dfe    00000044     main.obj (.text)
                  00008e42    0000003f     general.obj (.text)
                  00008e81    0000003f     timer.obj (.text:retain)
                  00008ec0    00000035     epwm.obj (.text:retain)
                  00008ef5    0000002c     F2806x_ECap.obj (.text)
                  00008f21    00000029     rts2800_fpu32.lib : exit.c.obj (.text)
                  00008f4a    00000028     F2806x_PieCtrl.obj (.text)
                  00008f72    00000026     F2806x_PieVect.obj (.text)
                  00008f98    00000024     rts2800_fpu32.lib : cpy_tbl.c.obj (.text)
                  00008fbc    0000001d                       : memcpy.c.obj (.text)
                  00008fd9    00000019                       : args_main.c.obj (.text)
                  00008ff2    00000009                       : _lock.c.obj (.text)
                  00008ffb    00000008     F2806x_CodeStartBranch.obj (.text)
                  00009003    00000002     rts2800_fpu32.lib : pre_init.c.obj (.text)
                  00009005    00000001                       : startup.c.obj (.text)

.pinit     0    00000050    00000000     UNINITIALIZED

.reset     0    003fffc0    00000002     DSECT
                  003fffc0    00000002     rts2800_fpu32.lib : boot28.asm.obj (.reset)

.stack     1    00000400    00000300     UNINITIALIZED
                  00000400    00000300     --HOLE--

.ebss      1    0000a000    00000230     UNINITIALIZED
                  0000a000    00000208     adc.obj (.ebss)
                  0000a208    00000018     F2806x_CpuTimers.obj (.ebss)
                  0000a220    00000006     ecap.obj (.ebss)
                  0000a226    00000006     rts2800_fpu32.lib : exit.c.obj (.ebss)
                  0000a22c    00000002                       : _lock.c.obj (.ebss:__lock)
                  0000a22e    00000002                       : _lock.c.obj (.ebss:__unlock)

.econst    1    0000a230    00000100     
                  0000a230    00000100     F2806x_PieVect.obj (.econst:_PieVectTableInit)

IQmath     0    00009006    0000007b     
                  00009006    0000007b     IQmath_fpu32.lib : IQ19atan2.obj (IQmath)

IQmathTables 
*          0    003fdf00    00000b50     NOLOAD SECTION
                  003fdf00    00000b50     IQmath_fpu32.lib : IQmathTables.obj (IQmathTables)

DevEmuRegsFile 
*          1    00000880    00000004     UNINITIALIZED
                  00000880    00000004     F2806x_GlobalVariableDefs.obj (DevEmuRegsFile)

SysPwrCtrlRegsFile 
*          1    00000985    00000003     UNINITIALIZED
                  00000985    00000003     F2806x_GlobalVariableDefs.obj (SysPwrCtrlRegsFile)

FlashRegsFile 
*          1    00000a80    00000008     UNINITIALIZED
                  00000a80    00000008     F2806x_GlobalVariableDefs.obj (FlashRegsFile)

CsmRegsFile 
*          1    00000ae0    00000010     UNINITIALIZED
                  00000ae0    00000010     F2806x_GlobalVariableDefs.obj (CsmRegsFile)

AdcResultFile 
*          1    00000b00    00000010     UNINITIALIZED
                  00000b00    00000010     F2806x_GlobalVariableDefs.obj (AdcResultFile)

CpuTimer0RegsFile 
*          1    00000c00    00000008     UNINITIALIZED
                  00000c00    00000008     F2806x_GlobalVariableDefs.obj (CpuTimer0RegsFile)

CpuTimer1RegsFile 
*          1    00000c08    00000008     UNINITIALIZED
                  00000c08    00000008     F2806x_GlobalVariableDefs.obj (CpuTimer1RegsFile)

CpuTimer2RegsFile 
*          1    00000c10    00000008     UNINITIALIZED
                  00000c10    00000008     F2806x_GlobalVariableDefs.obj (CpuTimer2RegsFile)

PieCtrlRegsFile 
*          1    00000ce0    0000001a     UNINITIALIZED
                  00000ce0    0000001a     F2806x_GlobalVariableDefs.obj (PieCtrlRegsFile)

PieVectTableFile 
*          1    00000d00    00000100     UNINITIALIZED
                  00000d00    00000100     F2806x_GlobalVariableDefs.obj (PieVectTableFile)

EmuKeyVar 
*          1    00000d00    00000001     UNINITIALIZED
                  00000d00    00000001     F2806x_GlobalVariableDefs.obj (EmuKeyVar)

EmuBModeVar 
*          1    00000d01    00000001     UNINITIALIZED
                  00000d01    00000001     F2806x_GlobalVariableDefs.obj (EmuBModeVar)

FlashCallbackVar 
*          1    00000d02    00000002     UNINITIALIZED
                  00000d02    00000002     F2806x_GlobalVariableDefs.obj (FlashCallbackVar)

FlashScalingVar 
*          1    00000d04    00000002     UNINITIALIZED
                  00000d04    00000002     F2806x_GlobalVariableDefs.obj (FlashScalingVar)

DmaRegsFile 
*          1    00001000    000000e0     UNINITIALIZED
                  00001000    000000e0     F2806x_GlobalVariableDefs.obj (DmaRegsFile)

Cla1RegsFile 
*          1    00001400    00000040     UNINITIALIZED
                  00001400    00000040     F2806x_GlobalVariableDefs.obj (Cla1RegsFile)

Usb0RegsFile 
*          1    00004000    00000454     UNINITIALIZED
                  00004000    00000454     F2806x_GlobalVariableDefs.obj (Usb0RegsFile)

McbspaRegsFile 
*          1    00005000    00000024     UNINITIALIZED
                  00005000    00000024     F2806x_GlobalVariableDefs.obj (McbspaRegsFile)

ECanaRegsFile 
*          1    00006000    00000034     UNINITIALIZED
                  00006000    00000034     F2806x_GlobalVariableDefs.obj (ECanaRegsFile)

ECanaLAMRegsFile 
*          1    00006040    00000040     UNINITIALIZED
                  00006040    00000040     F2806x_GlobalVariableDefs.obj (ECanaLAMRegsFile)

ECanaMOTSRegsFile 
*          1    00006080    00000040     UNINITIALIZED
                  00006080    00000040     F2806x_GlobalVariableDefs.obj (ECanaMOTSRegsFile)

ECanaMOTORegsFile 
*          1    000060c0    00000040     UNINITIALIZED
                  000060c0    00000040     F2806x_GlobalVariableDefs.obj (ECanaMOTORegsFile)

ECanaMboxesFile 
*          1    00006100    00000100     UNINITIALIZED
                  00006100    00000100     F2806x_GlobalVariableDefs.obj (ECanaMboxesFile)

Comp1RegsFile 
*          1    00006400    00000014     UNINITIALIZED
                  00006400    00000014     F2806x_GlobalVariableDefs.obj (Comp1RegsFile)

Comp2RegsFile 
*          1    00006420    00000014     UNINITIALIZED
                  00006420    00000014     F2806x_GlobalVariableDefs.obj (Comp2RegsFile)

Comp3RegsFile 
*          1    00006440    00000014     UNINITIALIZED
                  00006440    00000014     F2806x_GlobalVariableDefs.obj (Comp3RegsFile)

EPwm1RegsFile 
*          1    00006800    00000040     UNINITIALIZED
                  00006800    00000040     F2806x_GlobalVariableDefs.obj (EPwm1RegsFile)

EPwm2RegsFile 
*          1    00006840    00000040     UNINITIALIZED
                  00006840    00000040     F2806x_GlobalVariableDefs.obj (EPwm2RegsFile)

EPwm3RegsFile 
*          1    00006880    00000040     UNINITIALIZED
                  00006880    00000040     F2806x_GlobalVariableDefs.obj (EPwm3RegsFile)

EPwm4RegsFile 
*          1    000068c0    00000040     UNINITIALIZED
                  000068c0    00000040     F2806x_GlobalVariableDefs.obj (EPwm4RegsFile)

EPwm5RegsFile 
*          1    00006900    00000040     UNINITIALIZED
                  00006900    00000040     F2806x_GlobalVariableDefs.obj (EPwm5RegsFile)

EPwm6RegsFile 
*          1    00006940    00000040     UNINITIALIZED
                  00006940    00000040     F2806x_GlobalVariableDefs.obj (EPwm6RegsFile)

EPwm7RegsFile 
*          1    00006980    00000040     UNINITIALIZED
                  00006980    00000040     F2806x_GlobalVariableDefs.obj (EPwm7RegsFile)

EPwm8RegsFile 
*          1    000069c0    00000040     UNINITIALIZED
                  000069c0    00000040     F2806x_GlobalVariableDefs.obj (EPwm8RegsFile)

ECap1RegsFile 
*          1    00006a00    00000020     UNINITIALIZED
                  00006a00    00000020     F2806x_GlobalVariableDefs.obj (ECap1RegsFile)

ECap2RegsFile 
*          1    00006a20    00000020     UNINITIALIZED
                  00006a20    00000020     F2806x_GlobalVariableDefs.obj (ECap2RegsFile)

ECap3RegsFile 
*          1    00006a40    00000020     UNINITIALIZED
                  00006a40    00000020     F2806x_GlobalVariableDefs.obj (ECap3RegsFile)

HRCap1RegsFile 
*          1    00006ac0    00000020     UNINITIALIZED
                  00006ac0    00000020     F2806x_GlobalVariableDefs.obj (HRCap1RegsFile)

HRCap2RegsFile 
*          1    00006ae0    00000020     UNINITIALIZED
                  00006ae0    00000020     F2806x_GlobalVariableDefs.obj (HRCap2RegsFile)

EQep1RegsFile 
*          1    00006b00    00000022     UNINITIALIZED
                  00006b00    00000022     F2806x_GlobalVariableDefs.obj (EQep1RegsFile)

EQep2RegsFile 
*          1    00006b40    00000022     UNINITIALIZED
                  00006b40    00000022     F2806x_GlobalVariableDefs.obj (EQep2RegsFile)

HRCap3RegsFile 
*          1    00006c80    00000020     UNINITIALIZED
                  00006c80    00000020     F2806x_GlobalVariableDefs.obj (HRCap3RegsFile)

HRCap4RegsFile 
*          1    00006ca0    00000020     UNINITIALIZED
                  00006ca0    00000020     F2806x_GlobalVariableDefs.obj (HRCap4RegsFile)

GpioCtrlRegsFile 
*          1    00006f80    00000040     UNINITIALIZED
                  00006f80    00000040     F2806x_GlobalVariableDefs.obj (GpioCtrlRegsFile)

GpioDataRegsFile 
*          1    00006fc0    00000020     UNINITIALIZED
                  00006fc0    00000020     F2806x_GlobalVariableDefs.obj (GpioDataRegsFile)

GpioIntRegsFile 
*          1    00006fe0    00000020     UNINITIALIZED
                  00006fe0    00000020     F2806x_GlobalVariableDefs.obj (GpioIntRegsFile)

SysCtrlRegsFile 
*          1    00007010    00000030     UNINITIALIZED
                  00007010    00000030     F2806x_GlobalVariableDefs.obj (SysCtrlRegsFile)

SpiaRegsFile 
*          1    00007040    00000010     UNINITIALIZED
                  00007040    00000010     F2806x_GlobalVariableDefs.obj (SpiaRegsFile)

SciaRegsFile 
*          1    00007050    00000010     UNINITIALIZED
                  00007050    00000010     F2806x_GlobalVariableDefs.obj (SciaRegsFile)

NmiIntruptRegsFile 
*          1    00007060    00000010     UNINITIALIZED
                  00007060    00000010     F2806x_GlobalVariableDefs.obj (NmiIntruptRegsFile)

XIntruptRegsFile 
*          1    00007070    00000010     UNINITIALIZED
                  00007070    00000010     F2806x_GlobalVariableDefs.obj (XIntruptRegsFile)

AdcRegsFile 
*          1    00007100    00000050     UNINITIALIZED
                  00007100    00000050     F2806x_GlobalVariableDefs.obj (AdcRegsFile)

SpibRegsFile 
*          1    00007740    00000010     UNINITIALIZED
                  00007740    00000010     F2806x_GlobalVariableDefs.obj (SpibRegsFile)

ScibRegsFile 
*          1    00007750    00000010     UNINITIALIZED
                  00007750    00000010     F2806x_GlobalVariableDefs.obj (ScibRegsFile)

I2caRegsFile 
*          1    00007900    00000022     UNINITIALIZED
                  00007900    00000022     F2806x_GlobalVariableDefs.obj (I2caRegsFile)

PartIdRegsFile 
*          1    003d7e80    00000001     UNINITIALIZED
                  003d7e80    00000001     F2806x_GlobalVariableDefs.obj (PartIdRegsFile)

CsmPwlFile 
*          1    003f7ff8    00000008     UNINITIALIZED
                  003f7ff8    00000008     F2806x_GlobalVariableDefs.obj (CsmPwlFile)

ramfuncs   0    000000a5    00000004     
                  000000a5    00000004     F2806x_usDelay.obj (ramfuncs)

MODULE SUMMARY

       Module                          code   initialized data   uninitialized data
       ------                          ----   ----------------   ------------------
    .\
       adc.obj                         796    49                 520               
       ecap.obj                        243    10                 6                 
       epwm.obj                        166    0                  0                 
       main.obj                        68     0                  0                 
       general.obj                     63     0                  0                 
       timer.obj                       63     0                  0                 
    +--+-------------------------------+------+------------------+--------------------+
       Total:                          1399   59                 526               
                                                                                   
    .\Source\
       F2806x_GlobalVariableDefs.obj   0      0                  3550              
       F2806x_DefaultIsr.obj           923    0                  0                 
       F2806x_Adc.obj                  555    0                  0                 
       F2806x_SysCtrl.obj              396    0                  0                 
       F2806x_PieVect.obj              38     256                0                 
       F2806x_EPwm.obj                 216    0                  0                 
       F2806x_CpuTimers.obj            118    0                  24                
       F2806x_ECap.obj                 44     0                  0                 
       F2806x_PieCtrl.obj              40     0                  0                 
       F2806x_CodeStartBranch.obj      10     0                  0                 
       F2806x_usDelay.obj              4      0                  0                 
    +--+-------------------------------+------+------------------+--------------------+
       Total:                          2344   256                3574              
                                                                                   
    G:/GitHub/Szakdoga_Ctrl_Software/projecto/Include/IQmath_fpu32.lib
       IQmathTables.obj                0      2896               0                 
       IQ19atan2.obj                   123    0                  0                 
    +--+-------------------------------+------+------------------+--------------------+
       Total:                          123    2896               0                 
                                                                                   
    G:\Programok\ti\8.2.0\ccsv8\tools\compiler\ti-cgt-c2000_18.1.3.LTS\lib\rts2800_fpu32.lib
       fs_div28.asm.obj                136    0                  0                 
       boot28.asm.obj                  86     0                  0                 
       exit.c.obj                      41     14                 6                 
       cpy_tbl.c.obj                   36     0                  0                 
       memcpy.c.obj                    29     0                  0                 
       args_main.c.obj                 25     0                  0                 
       _lock.c.obj                     9      10                 4                 
       pre_init.c.obj                  2      0                  0                 
       startup.c.obj                   1      0                  0                 
    +--+-------------------------------+------+------------------+--------------------+
       Total:                          365    24                 10                
                                                                                   
       Stack:                          0      0                  768               
    +--+-------------------------------+------+------------------+--------------------+
       Grand Total:                    4231   3235               4878              


GLOBAL DATA SYMBOLS: SORTED BY DATA PAGE

address     data page           name
--------    ----------------    ----
00000400      10 (00000400)     __stack

00000880      22 (00000880)     _DevEmuRegs

00000985      26 (00000980)     _SysPwrCtrlRegs

00000a80      2a (00000a80)     _FlashRegs

00000ae0      2b (00000ac0)     _CsmRegs

00000b00      2c (00000b00)     _AdcResult

00000c00      30 (00000c00)     _CpuTimer0Regs
00000c08      30 (00000c00)     _CpuTimer1Regs
00000c10      30 (00000c00)     _CpuTimer2Regs

00000ce0      33 (00000cc0)     _PieCtrlRegs

00000d00      34 (00000d00)     _EmuKey
00000d00      34 (00000d00)     _PieVectTable
00000d01      34 (00000d00)     _EmuBMode
00000d02      34 (00000d00)     _Flash_CallbackPtr
00000d04      34 (00000d00)     _Flash_CPUScaleFactor

00001000      40 (00001000)     _DmaRegs

00001400      50 (00001400)     _Cla1Regs

00004000     100 (00004000)     _Usb0Regs

00005000     140 (00005000)     _McbspaRegs

00006000     180 (00006000)     _ECanaRegs

00006040     181 (00006040)     _ECanaLAMRegs

00006080     182 (00006080)     _ECanaMOTSRegs

000060c0     183 (000060c0)     _ECanaMOTORegs

00006100     184 (00006100)     _ECanaMboxes

00006400     190 (00006400)     _Comp1Regs
00006420     190 (00006400)     _Comp2Regs

00006440     191 (00006440)     _Comp3Regs

00006800     1a0 (00006800)     _EPwm1Regs

00006840     1a1 (00006840)     _EPwm2Regs

00006880     1a2 (00006880)     _EPwm3Regs

000068c0     1a3 (000068c0)     _EPwm4Regs

00006900     1a4 (00006900)     _EPwm5Regs

00006940     1a5 (00006940)     _EPwm6Regs

00006980     1a6 (00006980)     _EPwm7Regs

000069c0     1a7 (000069c0)     _EPwm8Regs

00006a00     1a8 (00006a00)     _ECap1Regs
00006a20     1a8 (00006a00)     _ECap2Regs

00006a40     1a9 (00006a40)     _ECap3Regs

00006ac0     1ab (00006ac0)     _HRCap1Regs
00006ae0     1ab (00006ac0)     _HRCap2Regs

00006b00     1ac (00006b00)     _EQep1Regs

00006b40     1ad (00006b40)     _EQep2Regs

00006c80     1b2 (00006c80)     _HRCap3Regs
00006ca0     1b2 (00006c80)     _HRCap4Regs

00006f80     1be (00006f80)     _GpioCtrlRegs

00006fc0     1bf (00006fc0)     _GpioDataRegs
00006fe0     1bf (00006fc0)     _GpioIntRegs

00007010     1c0 (00007000)     _SysCtrlRegs

00007040     1c1 (00007040)     _SpiaRegs
00007050     1c1 (00007040)     _SciaRegs
00007060     1c1 (00007040)     _NmiIntruptRegs
00007070     1c1 (00007040)     _XIntruptRegs

00007100     1c4 (00007100)     _AdcRegs

00007740     1dd (00007740)     _SpibRegs
00007750     1dd (00007740)     _ScibRegs

00007900     1e4 (00007900)     _I2caRegs

0000a000     280 (0000a000)     _j
0000a001     280 (0000a000)     _i
0000a002     280 (0000a000)     _lowest0
0000a003     280 (0000a000)     _highest0
0000a004     280 (0000a000)     _lowest1
0000a005     280 (0000a000)     _highest1
0000a006     280 (0000a000)     _ConversionCount
0000a008     280 (0000a000)     _integral1
0000a00a     280 (0000a000)     _integral2
0000a00c     280 (0000a000)     _Theta
0000a00e     280 (0000a000)     _Angle10
0000a010     280 (0000a000)     _Angle11
0000a012     280 (0000a000)     _Angle01
0000a014     280 (0000a000)     _speed
0000a016     280 (0000a000)     _angle_error
0000a018     280 (0000a000)     _Ki
0000a01a     280 (0000a000)     _Ts
0000a01c     280 (0000a000)     _value0
0000a01e     280 (0000a000)     _value1
0000a020     280 (0000a000)     _Angle00
0000a022     280 (0000a000)     _Kp

0000a040     281 (0000a040)     _Voltage0

0000a140     285 (0000a140)     _Voltage1

0000a208     288 (0000a200)     _CpuTimer1
0000a210     288 (0000a200)     _CpuTimer2
0000a218     288 (0000a200)     _CpuTimer0
0000a220     288 (0000a200)     _ECap1IntCount
0000a222     288 (0000a200)     _ECap1PassCount
0000a224     288 (0000a200)     _EPwm1TimerDirection
0000a226     288 (0000a200)     ___TI_enable_exit_profile_output
0000a228     288 (0000a200)     ___TI_cleanup_ptr
0000a22a     288 (0000a200)     ___TI_dtors_ptr
0000a22c     288 (0000a200)     __lock
0000a22e     288 (0000a200)     __unlock
0000a230     288 (0000a200)     _PieVectTableInit

003d7e80    f5fa (003d7e80)     _PartIdRegs

003f7ff8    fdff (003f7fc0)     _CsmPwl

003fdf00    ff7c (003fdf00)     _IQsinTable

003fe000    ff80 (003fe000)     _IQcosTable

003fe300    ff8c (003fe300)     _IQsinTableEnd

003fe402    ff90 (003fe400)     _IQcosTableEnd
003fe402    ff90 (003fe400)     _IQdivRoundSatTable
003fe410    ff90 (003fe400)     _IQdivTable

003fe612    ff98 (003fe600)     _IQdivTableEnd
003fe612    ff98 (003fe600)     _IQisqrtRoundSatTable
003fe612    ff98 (003fe600)     _IQsqrtRoundSatTable
003fe622    ff98 (003fe600)     _IQisqrtTable
003fe622    ff98 (003fe600)     _IQsqrtTable

003fe724    ff9c (003fe700)     _IQatan2HalfPITable
003fe724    ff9c (003fe700)     _IQisqrtTableEnd
003fe724    ff9c (003fe700)     _IQsqrtTableEnd

003fe762    ff9d (003fe740)     _IQatan2Table

003fe8e8    ffa3 (003fe8c0)     _IQ30mpyRndSatTable
003fe8e8    ffa3 (003fe8c0)     _IQatan2TableEnd
003fe8e8    ffa3 (003fe8c0)     _IQmpyRndSatTable
003fe8f4    ffa3 (003fe8c0)     _IQ29mpyRndSatTable

003fe900    ffa4 (003fe900)     _IQ28mpyRndSatTable
003fe90c    ffa4 (003fe900)     _IQ27mpyRndSatTable
003fe918    ffa4 (003fe900)     _IQ26mpyRndSatTable
003fe924    ffa4 (003fe900)     _IQ25mpyRndSatTable
003fe930    ffa4 (003fe900)     _IQ24mpyRndSatTable
003fe93c    ffa4 (003fe900)     _IQ23mpyRndSatTable

003fe948    ffa5 (003fe940)     _IQ22mpyRndSatTable
003fe954    ffa5 (003fe940)     _IQ21mpyRndSatTable
003fe960    ffa5 (003fe940)     _IQ20mpyRndSatTable
003fe96c    ffa5 (003fe940)     _IQ19mpyRndSatTable
003fe978    ffa5 (003fe940)     _IQ18mpyRndSatTable

003fe984    ffa6 (003fe980)     _IQ17mpyRndSatTable
003fe990    ffa6 (003fe980)     _IQ16mpyRndSatTable
003fe99c    ffa6 (003fe980)     _IQ15mpyRndSatTable
003fe9a8    ffa6 (003fe980)     _IQ14mpyRndSatTable
003fe9b4    ffa6 (003fe980)     _IQ13mpyRndSatTable

003fe9c0    ffa7 (003fe9c0)     _IQ12mpyRndSatTable
003fe9cc    ffa7 (003fe9c0)     _IQ11mpyRndSatTable
003fe9d8    ffa7 (003fe9c0)     _IQ10mpyRndSatTable
003fe9e4    ffa7 (003fe9c0)     _IQ9mpyRndSatTable
003fe9f0    ffa7 (003fe9c0)     _IQ8mpyRndSatTable
003fe9fc    ffa7 (003fe9c0)     _IQ7mpyRndSatTable

003fea08    ffa8 (003fea00)     _IQ6mpyRndSatTable
003fea14    ffa8 (003fea00)     _IQ5mpyRndSatTable
003fea20    ffa8 (003fea00)     _IQ4mpyRndSatTable
003fea2c    ffa8 (003fea00)     _IQ3mpyRndSatTable
003fea38    ffa8 (003fea00)     _IQ2mpyRndSatTable

003fea44    ffa9 (003fea40)     _IQ1mpyRndSatTable
003fea50    ffa9 (003fea40)     _IQmpyRndSatTableEnd


GLOBAL SYMBOLS: SORTED ALPHABETICALLY BY Name 

page  address   name                            
----  -------   ----                            
0     00008000  .text                           
0     00008f21  C$$EXIT                         
0     00008be8  FS$$DIV                         
0     000080be  _ADCINT1_ISR                    
0     000080c8  _ADCINT2_ISR                    
0     000082d0  _ADCINT3_ISR                    
0     000082da  _ADCINT4_ISR                    
0     000082e4  _ADCINT5_ISR                    
0     000082ee  _ADCINT6_ISR                    
0     000082f8  _ADCINT7_ISR                    
0     00008302  _ADCINT8_ISR                    
0     000080e6  _ADCINT9_ISR                    
0     00008ab8  _Adc1_Config                    
0     00008ae7  _Adc2_Config                    
0     00008b17  _Adc4_Config                    
0     00008650  _AdcChanSelect                  
0     000086c5  _AdcConversion                  
0     00008629  _AdcOffsetSelfCal               
1     00007100  _AdcRegs                        
1     00000b00  _AdcResult                      
0     00008aae  _Adc_Config                     
1     0000a020  _Angle00                        
1     0000a012  _Angle01                        
1     0000a00e  _Angle10                        
1     0000a010  _Angle11                        
0     0000830c  _CLA1_INT1_ISR                  
0     00008316  _CLA1_INT2_ISR                  
0     00008320  _CLA1_INT3_ISR                  
0     0000832a  _CLA1_INT4_ISR                  
0     00008334  _CLA1_INT5_ISR                  
0     0000833e  _CLA1_INT6_ISR                  
0     00008348  _CLA1_INT7_ISR                  
0     00008352  _CLA1_INT8_ISR                  
1     00001400  _Cla1Regs                       
1     00006400  _Comp1Regs                      
1     00006420  _Comp2Regs                      
1     00006440  _Comp3Regs                      
0     00008cab  _ConfigCpuTimer                 
0     00008e5e  _ConfigEnableInterrupts         
0     00008e42  _ConfigPieVectTable             
1     0000a006  _ConversionCount                
1     0000a218  _CpuTimer0                      
1     00000c00  _CpuTimer0Regs                  
1     0000a208  _CpuTimer1                      
1     00000c08  _CpuTimer1Regs                  
1     0000a210  _CpuTimer2                      
1     00000c10  _CpuTimer2Regs                  
1     003f7ff8  _CsmPwl                         
1     00000ae0  _CsmRegs                        
0     0000891b  _CsmUnlock                      
0     00008014  _DATALOG_ISR                    
0     00008244  _DINTCH1_ISR                    
0     0000824e  _DINTCH2_ISR                    
0     00008258  _DINTCH3_ISR                    
0     00008262  _DINTCH4_ISR                    
0     0000826c  _DINTCH5_ISR                    
0     00008276  _DINTCH6_ISR                    
0     000000a5  _DSP28x_usDelay                 
1     00000880  _DevEmuRegs                     
0     0000883a  _DisableDog                     
1     00001000  _DmaRegs                        
0     000082bc  _ECAN0INTA_ISR                  
0     000082c6  _ECAN1INTA_ISR                  
0     000081a4  _ECAP1_INT_ISR                  
0     000081ae  _ECAP2_INT_ISR                  
0     000081b8  _ECAP3_INT_ISR                  
1     00006040  _ECanaLAMRegs                   
1     000060c0  _ECanaMOTORegs                  
1     00006080  _ECanaMOTSRegs                  
1     00006100  _ECanaMboxes                    
1     00006000  _ECanaRegs                      
1     0000a220  _ECap1IntCount                  
1     0000a222  _ECap1PassCount                 
1     00006a00  _ECap1Regs                      
1     00006a20  _ECap2Regs                      
1     00006a40  _ECap3Regs                      
0     0000837a  _EMPTY_ISR                      
0     00008028  _EMUINT_ISR                     
0     00008154  _EPWM1_INT_ISR                  
0     00008104  _EPWM1_TZINT_ISR                
0     0000815e  _EPWM2_INT_ISR                  
0     0000810e  _EPWM2_TZINT_ISR                
0     00008168  _EPWM3_INT_ISR                  
0     00008118  _EPWM3_TZINT_ISR                
0     00008172  _EPWM4_INT_ISR                  
0     00008122  _EPWM4_TZINT_ISR                
0     0000817c  _EPWM5_INT_ISR                  
0     0000812c  _EPWM5_TZINT_ISR                
0     00008186  _EPWM6_INT_ISR                  
0     00008136  _EPWM6_TZINT_ISR                
0     00008190  _EPWM7_INT_ISR                  
0     00008140  _EPWM7_TZINT_ISR                
0     0000819a  _EPWM8_INT_ISR                  
0     0000814a  _EPWM8_TZINT_ISR                
1     00006800  _EPwm1Regs                      
1     0000a224  _EPwm1TimerDirection            
0     00008ce6  _EPwm1_Config                   
1     00006840  _EPwm2Regs                      
1     00006880  _EPwm3Regs                      
1     000068c0  _EPwm4Regs                      
1     00006900  _EPwm5Regs                      
1     00006940  _EPwm6Regs                      
1     00006980  _EPwm7Regs                      
1     000069c0  _EPwm8Regs                      
0     000081d6  _EQEP1_INT_ISR                  
0     000081e0  _EQEP2_INT_ISR                  
1     00006b00  _EQep1Regs                      
1     00006b40  _EQep2Regs                      
1     00000d01  _EmuBMode                       
1     00000d00  _EmuKey                         
0     00008f69  _EnableInterrupts               
0     0000898c  _ExtOscSel                      
0     00008dfb  _Fail                           
1     00000a80  _FlashRegs                      
1     00000d04  _Flash_CPUScaleFactor           
1     00000d02  _Flash_CallbackPtr              
1     00006f80  _GpioCtrlRegs                   
1     00006fc0  _GpioDataRegs                   
1     00006fe0  _GpioIntRegs                    
0     000081c2  _HRCAP1_INT_ISR                 
0     000081cc  _HRCAP2_INT_ISR                 
0     000081ea  _HRCAP3_INT_ISR                 
0     000081f4  _HRCAP4_INT_ISR                 
1     00006ac0  _HRCap1Regs                     
1     00006ae0  _HRCap2Regs                     
1     00006c80  _HRCap3Regs                     
1     00006ca0  _HRCap4Regs                     
0     00008280  _I2CINT1A_ISR                   
0     0000828a  _I2CINT2A_ISR                   
1     00007900  _I2caRegs                       
0     0000803c  _ILLEGAL_ISR                    
0     00008000  _INT13_ISR                      
0     0000800a  _INT14_ISR                      
0     003fe9d8  _IQ10mpyRndSatTable             
0     003fe9cc  _IQ11mpyRndSatTable             
0     003fe9c0  _IQ12mpyRndSatTable             
0     003fe9b4  _IQ13mpyRndSatTable             
0     003fe9a8  _IQ14mpyRndSatTable             
0     003fe99c  _IQ15mpyRndSatTable             
0     003fe990  _IQ16mpyRndSatTable             
0     003fe984  _IQ17mpyRndSatTable             
0     003fe978  _IQ18mpyRndSatTable             
0     003fe96c  _IQ19mpyRndSatTable             
0     003fea44  _IQ1mpyRndSatTable              
0     003fe960  _IQ20mpyRndSatTable             
0     003fe954  _IQ21mpyRndSatTable             
0     003fe948  _IQ22mpyRndSatTable             
0     003fe93c  _IQ23mpyRndSatTable             
0     003fe930  _IQ24mpyRndSatTable             
0     003fe924  _IQ25mpyRndSatTable             
0     003fe918  _IQ26mpyRndSatTable             
0     003fe90c  _IQ27mpyRndSatTable             
0     003fe900  _IQ28mpyRndSatTable             
0     003fe8f4  _IQ29mpyRndSatTable             
0     003fea38  _IQ2mpyRndSatTable              
0     003fe8e8  _IQ30mpyRndSatTable             
0     003fea2c  _IQ3mpyRndSatTable              
0     003fea20  _IQ4mpyRndSatTable              
0     003fea14  _IQ5mpyRndSatTable              
0     003fea08  _IQ6mpyRndSatTable              
0     003fe9fc  _IQ7mpyRndSatTable              
0     003fe9f0  _IQ8mpyRndSatTable              
0     003fe9e4  _IQ9mpyRndSatTable              
0     003fe724  _IQatan2HalfPITable             
0     003fe762  _IQatan2Table                   
0     003fe8e8  _IQatan2TableEnd                
0     003fe000  _IQcosTable                     
0     003fe402  _IQcosTableEnd                  
0     003fe402  _IQdivRoundSatTable             
0     003fe410  _IQdivTable                     
0     003fe612  _IQdivTableEnd                  
0     003fe612  _IQisqrtRoundSatTable           
0     003fe622  _IQisqrtTable                   
0     003fe724  _IQisqrtTableEnd                
0     003fe8e8  _IQmpyRndSatTable               
0     003fea50  _IQmpyRndSatTableEnd            
0     003fdf00  _IQsinTable                     
0     003fe300  _IQsinTableEnd                  
0     003fe612  _IQsqrtRoundSatTable            
0     003fe622  _IQsqrtTable                    
0     003fe724  _IQsqrtTableEnd                 
0     000085eb  _InitAdc                        
0     00008616  _InitAdcAio                     
0     00008c70  _InitCpuTimers                  
0     00008ef5  _InitECap                       
0     00008efd  _InitECap1Gpio                  
0     00008f09  _InitECap2Gpio                  
0     00008f15  _InitECap3Gpio                  
0     00008ef6  _InitECapGpio                   
0     00008dcf  _InitECapture                   
0     000089a2  _InitEPwm                       
0     000089b4  _InitEPwm1Gpio                  
0     000089c6  _InitEPwm2Gpio                  
0     000089d8  _InitEPwm3Gpio                  
0     000089ec  _InitEPwm4Gpio                  
0     00008a00  _InitEPwm5Gpio                  
0     00008a12  _InitEPwm6Gpio                  
0     00008a24  _InitEPwm7Gpio                  
0     00008a36  _InitEPwm8Gpio                  
0     000089a3  _InitEPwmGpio                   
0     00008a48  _InitEPwmSyncGpio               
0     00008dad  _InitEPwmTimer                  
0     000088c5  _InitPeripheralClocks           
0     00008f4a  _InitPieCtrl                    
0     00008f72  _InitPieVectTable               
0     00008842  _InitPll                        
0     00008897  _InitPll2                       
0     00008816  _InitSysCtrl                    
0     00008a59  _InitTzGpio                     
0     0000894c  _IntOsc1Sel                     
0     0000895c  _IntOsc2Sel                     
1     0000a018  _Ki                             
1     0000a022  _Kp                             
0     00008370  _LUF_ISR                        
0     00008366  _LVF_ISR                        
0     00008230  _MRINTA_ISR                     
0     0000823a  _MXINTA_ISR                     
1     00005000  _McbspaRegs                     
0     00008032  _NMI_ISR                        
1     00007060  _NmiIntruptRegs                 
0     00008387  _PIE_RESERVED                   
1     003d7e80  _PartIdRegs                     
1     00000ce0  _PieCtrlRegs                    
1     00000d00  _PieVectTable                   
1     0000a230  _PieVectTableInit               
0     0000801e  _RTOSINT_ISR                    
0     00008294  _SCIRXINTA_ISR                  
0     000082a8  _SCIRXINTB_ISR                  
0     0000829e  _SCITXINTA_ISR                  
0     000082b2  _SCITXINTB_ISR                  
0     00008208  _SPIRXINTA_ISR                  
0     0000821c  _SPIRXINTB_ISR                  
0     00008212  _SPITXINTA_ISR                  
0     00008226  _SPITXINTB_ISR                  
1     00007050  _SciaRegs                       
1     00007750  _ScibRegs                       
0     00008830  _ServiceDog                     
1     00007040  _SpiaRegs                       
1     00007740  _SpibRegs                       
1     00007010  _SysCtrlRegs                    
1     00000985  _SysPwrCtrlRegs                 
0     000080f0  _TINT0_ISR                      
1     0000a00c  _Theta                          
1     0000a01a  _Ts                             
0     000081fe  _USB0_INT_ISR                   
0     000080a0  _USER10_ISR                     
0     000080aa  _USER11_ISR                     
0     000080b4  _USER12_ISR                     
0     00008046  _USER1_ISR                      
0     00008050  _USER2_ISR                      
0     0000805a  _USER3_ISR                      
0     00008064  _USER4_ISR                      
0     0000806e  _USER5_ISR                      
0     00008078  _USER6_ISR                      
0     00008082  _USER7_ISR                      
0     0000808c  _USER8_ISR                      
0     00008096  _USER9_ISR                      
1     00004000  _Usb0Regs                       
1     0000a040  _Voltage0                       
1     0000a140  _Voltage1                       
0     000080fa  _WAKEINT_ISR                    
0     000080d2  _XINT1_ISR                      
0     000080dc  _XINT2_ISR                      
0     0000835c  _XINT3_ISR                      
1     00007070  _XIntruptRegs                   
0     00008970  _XtalOscSel                     
0     00009006  __IQ19atan2                     
1     00000700  __STACK_END                     
abs   00000300  __STACK_SIZE                    
1     0000a228  ___TI_cleanup_ptr               
1     0000a22a  ___TI_dtors_ptr                 
1     0000a226  ___TI_enable_exit_profile_output
abs   ffffffff  ___TI_pprof_out_hndl            
abs   ffffffff  ___TI_prof_data_size            
abs   ffffffff  ___TI_prof_data_start           
abs   ffffffff  ___binit__                      
abs   ffffffff  ___c_args__                     
0     00000050  ___cinit__                      
0     00009006  ___etext__                      
abs   ffffffff  ___pinit__                      
0     00008000  ___text__                       
0     00008fd9  __args_main                     
1     0000a22c  __lock                          
0     00008ffa  __nop                           
0     00008ff6  __register_lock                 
0     00008ff2  __register_unlock               
1     00000400  __stack                         
0     00009005  __system_post_cinit             
0     00009003  __system_pre_init               
1     0000a22e  __unlock                        
0     00008f21  _abort                          
0     0000839b  _adc1_isr                       
0     00008441  _adc2_isr                       
1     0000a016  _angle_error                    
0     00008d57  _c_int00                        
0     00008a7a  _control_loop                   
0     00008f98  _copy_in                        
0     00008e81  _cpu_timer0_isr                 
0     00008e97  _cpu_timer1_isr                 
0     00008eab  _cpu_timer2_isr                 
0     00008e7e  _duty_calc                      
0     00008b46  _ecap1_isr                      
0     00008ec0  _epwm1_isr                      
0     00008f23  _exit                           
1     0000a003  _highest0                       
1     0000a005  _highest1                       
1     0000a001  _i                              
1     0000a008  _integral1                      
1     0000a00a  _integral2                      
1     0000a000  _j                              
1     0000a002  _lowest0                        
1     0000a004  _lowest1                        
0     00008dfe  _main                           
0     00008fbc  _memcpy                         
0     00008391  _rsvd_ISR                       
1     0000a014  _speed                          
0     00008d43  _update_compare                 
1     0000a01c  _value0                         
1     0000a01e  _value1                         
abs   ffffffff  binit                           
0     00000050  cinit                           
0     00000000  code_start                      
0     00009006  etext                           
abs   ffffffff  pinit                           


GLOBAL SYMBOLS: SORTED BY Symbol Address 

page  address   name                            
----  -------   ----                            
0     00000000  code_start                      
0     00000050  ___cinit__                      
0     00000050  cinit                           
0     000000a5  _DSP28x_usDelay                 
0     00008000  .text                           
0     00008000  _INT13_ISR                      
0     00008000  ___text__                       
0     0000800a  _INT14_ISR                      
0     00008014  _DATALOG_ISR                    
0     0000801e  _RTOSINT_ISR                    
0     00008028  _EMUINT_ISR                     
0     00008032  _NMI_ISR                        
0     0000803c  _ILLEGAL_ISR                    
0     00008046  _USER1_ISR                      
0     00008050  _USER2_ISR                      
0     0000805a  _USER3_ISR                      
0     00008064  _USER4_ISR                      
0     0000806e  _USER5_ISR                      
0     00008078  _USER6_ISR                      
0     00008082  _USER7_ISR                      
0     0000808c  _USER8_ISR                      
0     00008096  _USER9_ISR                      
0     000080a0  _USER10_ISR                     
0     000080aa  _USER11_ISR                     
0     000080b4  _USER12_ISR                     
0     000080be  _ADCINT1_ISR                    
0     000080c8  _ADCINT2_ISR                    
0     000080d2  _XINT1_ISR                      
0     000080dc  _XINT2_ISR                      
0     000080e6  _ADCINT9_ISR                    
0     000080f0  _TINT0_ISR                      
0     000080fa  _WAKEINT_ISR                    
0     00008104  _EPWM1_TZINT_ISR                
0     0000810e  _EPWM2_TZINT_ISR                
0     00008118  _EPWM3_TZINT_ISR                
0     00008122  _EPWM4_TZINT_ISR                
0     0000812c  _EPWM5_TZINT_ISR                
0     00008136  _EPWM6_TZINT_ISR                
0     00008140  _EPWM7_TZINT_ISR                
0     0000814a  _EPWM8_TZINT_ISR                
0     00008154  _EPWM1_INT_ISR                  
0     0000815e  _EPWM2_INT_ISR                  
0     00008168  _EPWM3_INT_ISR                  
0     00008172  _EPWM4_INT_ISR                  
0     0000817c  _EPWM5_INT_ISR                  
0     00008186  _EPWM6_INT_ISR                  
0     00008190  _EPWM7_INT_ISR                  
0     0000819a  _EPWM8_INT_ISR                  
0     000081a4  _ECAP1_INT_ISR                  
0     000081ae  _ECAP2_INT_ISR                  
0     000081b8  _ECAP3_INT_ISR                  
0     000081c2  _HRCAP1_INT_ISR                 
0     000081cc  _HRCAP2_INT_ISR                 
0     000081d6  _EQEP1_INT_ISR                  
0     000081e0  _EQEP2_INT_ISR                  
0     000081ea  _HRCAP3_INT_ISR                 
0     000081f4  _HRCAP4_INT_ISR                 
0     000081fe  _USB0_INT_ISR                   
0     00008208  _SPIRXINTA_ISR                  
0     00008212  _SPITXINTA_ISR                  
0     0000821c  _SPIRXINTB_ISR                  
0     00008226  _SPITXINTB_ISR                  
0     00008230  _MRINTA_ISR                     
0     0000823a  _MXINTA_ISR                     
0     00008244  _DINTCH1_ISR                    
0     0000824e  _DINTCH2_ISR                    
0     00008258  _DINTCH3_ISR                    
0     00008262  _DINTCH4_ISR                    
0     0000826c  _DINTCH5_ISR                    
0     00008276  _DINTCH6_ISR                    
0     00008280  _I2CINT1A_ISR                   
0     0000828a  _I2CINT2A_ISR                   
0     00008294  _SCIRXINTA_ISR                  
0     0000829e  _SCITXINTA_ISR                  
0     000082a8  _SCIRXINTB_ISR                  
0     000082b2  _SCITXINTB_ISR                  
0     000082bc  _ECAN0INTA_ISR                  
0     000082c6  _ECAN1INTA_ISR                  
0     000082d0  _ADCINT3_ISR                    
0     000082da  _ADCINT4_ISR                    
0     000082e4  _ADCINT5_ISR                    
0     000082ee  _ADCINT6_ISR                    
0     000082f8  _ADCINT7_ISR                    
0     00008302  _ADCINT8_ISR                    
0     0000830c  _CLA1_INT1_ISR                  
0     00008316  _CLA1_INT2_ISR                  
0     00008320  _CLA1_INT3_ISR                  
0     0000832a  _CLA1_INT4_ISR                  
0     00008334  _CLA1_INT5_ISR                  
0     0000833e  _CLA1_INT6_ISR                  
0     00008348  _CLA1_INT7_ISR                  
0     00008352  _CLA1_INT8_ISR                  
0     0000835c  _XINT3_ISR                      
0     00008366  _LVF_ISR                        
0     00008370  _LUF_ISR                        
0     0000837a  _EMPTY_ISR                      
0     00008387  _PIE_RESERVED                   
0     00008391  _rsvd_ISR                       
0     0000839b  _adc1_isr                       
0     00008441  _adc2_isr                       
0     000085eb  _InitAdc                        
0     00008616  _InitAdcAio                     
0     00008629  _AdcOffsetSelfCal               
0     00008650  _AdcChanSelect                  
0     000086c5  _AdcConversion                  
0     00008816  _InitSysCtrl                    
0     00008830  _ServiceDog                     
0     0000883a  _DisableDog                     
0     00008842  _InitPll                        
0     00008897  _InitPll2                       
0     000088c5  _InitPeripheralClocks           
0     0000891b  _CsmUnlock                      
0     0000894c  _IntOsc1Sel                     
0     0000895c  _IntOsc2Sel                     
0     00008970  _XtalOscSel                     
0     0000898c  _ExtOscSel                      
0     000089a2  _InitEPwm                       
0     000089a3  _InitEPwmGpio                   
0     000089b4  _InitEPwm1Gpio                  
0     000089c6  _InitEPwm2Gpio                  
0     000089d8  _InitEPwm3Gpio                  
0     000089ec  _InitEPwm4Gpio                  
0     00008a00  _InitEPwm5Gpio                  
0     00008a12  _InitEPwm6Gpio                  
0     00008a24  _InitEPwm7Gpio                  
0     00008a36  _InitEPwm8Gpio                  
0     00008a48  _InitEPwmSyncGpio               
0     00008a59  _InitTzGpio                     
0     00008a7a  _control_loop                   
0     00008aae  _Adc_Config                     
0     00008ab8  _Adc1_Config                    
0     00008ae7  _Adc2_Config                    
0     00008b17  _Adc4_Config                    
0     00008b46  _ecap1_isr                      
0     00008be8  FS$$DIV                         
0     00008c70  _InitCpuTimers                  
0     00008cab  _ConfigCpuTimer                 
0     00008ce6  _EPwm1_Config                   
0     00008d43  _update_compare                 
0     00008d57  _c_int00                        
0     00008dad  _InitEPwmTimer                  
0     00008dcf  _InitECapture                   
0     00008dfb  _Fail                           
0     00008dfe  _main                           
0     00008e42  _ConfigPieVectTable             
0     00008e5e  _ConfigEnableInterrupts         
0     00008e7e  _duty_calc                      
0     00008e81  _cpu_timer0_isr                 
0     00008e97  _cpu_timer1_isr                 
0     00008eab  _cpu_timer2_isr                 
0     00008ec0  _epwm1_isr                      
0     00008ef5  _InitECap                       
0     00008ef6  _InitECapGpio                   
0     00008efd  _InitECap1Gpio                  
0     00008f09  _InitECap2Gpio                  
0     00008f15  _InitECap3Gpio                  
0     00008f21  C$$EXIT                         
0     00008f21  _abort                          
0     00008f23  _exit                           
0     00008f4a  _InitPieCtrl                    
0     00008f69  _EnableInterrupts               
0     00008f72  _InitPieVectTable               
0     00008f98  _copy_in                        
0     00008fbc  _memcpy                         
0     00008fd9  __args_main                     
0     00008ff2  __register_unlock               
0     00008ff6  __register_lock                 
0     00008ffa  __nop                           
0     00009003  __system_pre_init               
0     00009005  __system_post_cinit             
0     00009006  __IQ19atan2                     
0     00009006  ___etext__                      
0     00009006  etext                           
0     003fdf00  _IQsinTable                     
0     003fe000  _IQcosTable                     
0     003fe300  _IQsinTableEnd                  
0     003fe402  _IQcosTableEnd                  
0     003fe402  _IQdivRoundSatTable             
0     003fe410  _IQdivTable                     
0     003fe612  _IQdivTableEnd                  
0     003fe612  _IQisqrtRoundSatTable           
0     003fe612  _IQsqrtRoundSatTable            
0     003fe622  _IQisqrtTable                   
0     003fe622  _IQsqrtTable                    
0     003fe724  _IQatan2HalfPITable             
0     003fe724  _IQisqrtTableEnd                
0     003fe724  _IQsqrtTableEnd                 
0     003fe762  _IQatan2Table                   
0     003fe8e8  _IQ30mpyRndSatTable             
0     003fe8e8  _IQatan2TableEnd                
0     003fe8e8  _IQmpyRndSatTable               
0     003fe8f4  _IQ29mpyRndSatTable             
0     003fe900  _IQ28mpyRndSatTable             
0     003fe90c  _IQ27mpyRndSatTable             
0     003fe918  _IQ26mpyRndSatTable             
0     003fe924  _IQ25mpyRndSatTable             
0     003fe930  _IQ24mpyRndSatTable             
0     003fe93c  _IQ23mpyRndSatTable             
0     003fe948  _IQ22mpyRndSatTable             
0     003fe954  _IQ21mpyRndSatTable             
0     003fe960  _IQ20mpyRndSatTable             
0     003fe96c  _IQ19mpyRndSatTable             
0     003fe978  _IQ18mpyRndSatTable             
0     003fe984  _IQ17mpyRndSatTable             
0     003fe990  _IQ16mpyRndSatTable             
0     003fe99c  _IQ15mpyRndSatTable             
0     003fe9a8  _IQ14mpyRndSatTable             
0     003fe9b4  _IQ13mpyRndSatTable             
0     003fe9c0  _IQ12mpyRndSatTable             
0     003fe9cc  _IQ11mpyRndSatTable             
0     003fe9d8  _IQ10mpyRndSatTable             
0     003fe9e4  _IQ9mpyRndSatTable              
0     003fe9f0  _IQ8mpyRndSatTable              
0     003fe9fc  _IQ7mpyRndSatTable              
0     003fea08  _IQ6mpyRndSatTable              
0     003fea14  _IQ5mpyRndSatTable              
0     003fea20  _IQ4mpyRndSatTable              
0     003fea2c  _IQ3mpyRndSatTable              
0     003fea38  _IQ2mpyRndSatTable              
0     003fea44  _IQ1mpyRndSatTable              
0     003fea50  _IQmpyRndSatTableEnd            
1     00000400  __stack                         
1     00000700  __STACK_END                     
1     00000880  _DevEmuRegs                     
1     00000985  _SysPwrCtrlRegs                 
1     00000a80  _FlashRegs                      
1     00000ae0  _CsmRegs                        
1     00000b00  _AdcResult                      
1     00000c00  _CpuTimer0Regs                  
1     00000c08  _CpuTimer1Regs                  
1     00000c10  _CpuTimer2Regs                  
1     00000ce0  _PieCtrlRegs                    
1     00000d00  _EmuKey                         
1     00000d00  _PieVectTable                   
1     00000d01  _EmuBMode                       
1     00000d02  _Flash_CallbackPtr              
1     00000d04  _Flash_CPUScaleFactor           
1     00001000  _DmaRegs                        
1     00001400  _Cla1Regs                       
1     00004000  _Usb0Regs                       
1     00005000  _McbspaRegs                     
1     00006000  _ECanaRegs                      
1     00006040  _ECanaLAMRegs                   
1     00006080  _ECanaMOTSRegs                  
1     000060c0  _ECanaMOTORegs                  
1     00006100  _ECanaMboxes                    
1     00006400  _Comp1Regs                      
1     00006420  _Comp2Regs                      
1     00006440  _Comp3Regs                      
1     00006800  _EPwm1Regs                      
1     00006840  _EPwm2Regs                      
1     00006880  _EPwm3Regs                      
1     000068c0  _EPwm4Regs                      
1     00006900  _EPwm5Regs                      
1     00006940  _EPwm6Regs                      
1     00006980  _EPwm7Regs                      
1     000069c0  _EPwm8Regs                      
1     00006a00  _ECap1Regs                      
1     00006a20  _ECap2Regs                      
1     00006a40  _ECap3Regs                      
1     00006ac0  _HRCap1Regs                     
1     00006ae0  _HRCap2Regs                     
1     00006b00  _EQep1Regs                      
1     00006b40  _EQep2Regs                      
1     00006c80  _HRCap3Regs                     
1     00006ca0  _HRCap4Regs                     
1     00006f80  _GpioCtrlRegs                   
1     00006fc0  _GpioDataRegs                   
1     00006fe0  _GpioIntRegs                    
1     00007010  _SysCtrlRegs                    
1     00007040  _SpiaRegs                       
1     00007050  _SciaRegs                       
1     00007060  _NmiIntruptRegs                 
1     00007070  _XIntruptRegs                   
1     00007100  _AdcRegs                        
1     00007740  _SpibRegs                       
1     00007750  _ScibRegs                       
1     00007900  _I2caRegs                       
1     0000a000  _j                              
1     0000a001  _i                              
1     0000a002  _lowest0                        
1     0000a003  _highest0                       
1     0000a004  _lowest1                        
1     0000a005  _highest1                       
1     0000a006  _ConversionCount                
1     0000a008  _integral1                      
1     0000a00a  _integral2                      
1     0000a00c  _Theta                          
1     0000a00e  _Angle10                        
1     0000a010  _Angle11                        
1     0000a012  _Angle01                        
1     0000a014  _speed                          
1     0000a016  _angle_error                    
1     0000a018  _Ki                             
1     0000a01a  _Ts                             
1     0000a01c  _value0                         
1     0000a01e  _value1                         
1     0000a020  _Angle00                        
1     0000a022  _Kp                             
1     0000a040  _Voltage0                       
1     0000a140  _Voltage1                       
1     0000a208  _CpuTimer1                      
1     0000a210  _CpuTimer2                      
1     0000a218  _CpuTimer0                      
1     0000a220  _ECap1IntCount                  
1     0000a222  _ECap1PassCount                 
1     0000a224  _EPwm1TimerDirection            
1     0000a226  ___TI_enable_exit_profile_output
1     0000a228  ___TI_cleanup_ptr               
1     0000a22a  ___TI_dtors_ptr                 
1     0000a22c  __lock                          
1     0000a22e  __unlock                        
1     0000a230  _PieVectTableInit               
1     003d7e80  _PartIdRegs                     
1     003f7ff8  _CsmPwl                         
abs   00000300  __STACK_SIZE                    
abs   ffffffff  ___TI_pprof_out_hndl            
abs   ffffffff  ___TI_prof_data_size            
abs   ffffffff  ___TI_prof_data_start           
abs   ffffffff  ___binit__                      
abs   ffffffff  ___c_args__                     
abs   ffffffff  ___pinit__                      
abs   ffffffff  binit                           
abs   ffffffff  pinit                           

[324 symbols]
