******************************************************************************
             TMS320C2000 Linker PC v16.9.1                     
******************************************************************************
>> Linked Fri Jan 12 15:20:31 2018

OUTPUT FILE NAME:   <TIDA-01527.out>
ENTRY POINT SYMBOL: "_c_int00"  address: 003f028a


MEMORY CONFIGURATION

         name            origin    length      used     unused   attr    fill
----------------------  --------  ---------  --------  --------  ----  --------
PAGE 0:
  RAML0                 00008000   00000800  00000100  00000700  RWIX
  RAML1                 00008800   00000400  00000000  00000400  RWIX
  OTP                   003d7800   00000400  00000000  00000400  RWIX
  FLASHH                003d8000   00004000  00000000  00004000  RWIX
  FLASHG                003dc000   00004000  00000000  00004000  RWIX
  FLASHF                003e0000   00004000  00000000  00004000  RWIX
  FLASHE                003e4000   00004000  00000000  00004000  RWIX
  FLASHD                003e8000   00004000  00000100  00003f00  RWIX
  FLASHC                003ec000   00004000  00000000  00004000  RWIX
  FLASHA_B              003f0000   00007f80  00000467  00007b19  RWIX
  CSM_RSVD              003f7f80   00000076  00000000  00000076  RWIX
  BEGIN                 003f7ff6   00000002  00000002  00000000  RWIX
  CSM_PWL_P0            003f7ff8   00000008  00000000  00000008  RWIX
  FPUTABLES             003fd590   000006a0  00000000  000006a0  RWIX
  IQTABLES              003fdc30   00000b50  00000b50  00000000  RWIX
  IQTABLES2             003fe780   0000008c  00000000  0000008c  RWIX
  IQTABLES3             003fe80c   000000aa  00000000  000000aa  RWIX
  ROM                   003ff3b0   00000c10  00000000  00000c10  RWIX
  RESET                 003fffc0   00000002  00000000  00000002  RWIX
  VECTORS               003fffc2   0000003e  00000000  0000003e  RWIX

PAGE 1:
  BOOT_RSVD             00000000   00000050  00000000  00000050  RWIX
  RAMM0                 00000050   000003b0  00000300  000000b0  RWIX
  RAMM1                 00000400   00000400  00000000  00000400  RWIX
  DEV_EMU               00000880   00000105  00000004  00000101  RWIX
  SYS_PWR_CTL           00000985   00000003  00000003  00000000  RWIX
  FLASH_REGS            00000a80   00000060  00000008  00000058  RWIX
  CSM                   00000ae0   00000020  00000010  00000010  RWIX
  ADC_RESULT            00000b00   00000020  00000010  00000010  RWIX
  CPU_TIMER0            00000c00   00000008  00000008  00000000  RWIX
  CPU_TIMER1            00000c08   00000008  00000008  00000000  RWIX
  CPU_TIMER2            00000c10   00000008  00000008  00000000  RWIX
  PIE_CTRL              00000ce0   00000020  0000001a  00000006  RWIX
  PIE_VECT              00000d00   00000100  00000100  00000000  RWIX
  DMA                   00001000   00000200  000000e0  00000120  RWIX
  CLA1                  00001400   00000080  00000040  00000040  RWIX
  USB0                  00004000   00001000  00000454  00000bac  RWIX
  McBSPA                00005000   00000040  00000024  0000001c  RWIX
  ECANA                 00006000   00000040  00000034  0000000c  RWIX
  ECANA_LAM             00006040   00000040  00000040  00000000  RWIX
  ECANA_MOTS            00006080   00000040  00000040  00000000  RWIX
  ECANA_MOTO            000060c0   00000040  00000040  00000000  RWIX
  ECANA_MBOX            00006100   00000100  00000100  00000000  RWIX
  COMP1                 00006400   00000020  00000014  0000000c  RWIX
  COMP2                 00006420   00000020  00000014  0000000c  RWIX
  COMP3                 00006440   00000020  00000014  0000000c  RWIX
  EPWM1                 00006800   00000040  00000040  00000000  RWIX
  EPWM2                 00006840   00000040  00000040  00000000  RWIX
  EPWM3                 00006880   00000040  00000040  00000000  RWIX
  EPWM4                 000068c0   00000040  00000040  00000000  RWIX
  EPWM5                 00006900   00000040  00000040  00000000  RWIX
  EPWM6                 00006940   00000040  00000040  00000000  RWIX
  EPWM7                 00006980   00000040  00000040  00000000  RWIX
  EPWM8                 000069c0   00000040  00000040  00000000  RWIX
  ECAP1                 00006a00   00000020  00000020  00000000  RWIX
  ECAP2                 00006a20   00000020  00000020  00000000  RWIX
  ECAP3                 00006a40   00000020  00000020  00000000  RWIX
  HRCAP1                00006ac0   00000020  00000020  00000000  RWIX
  HRCAP2                00006ae0   00000020  00000020  00000000  RWIX
  EQEP1                 00006b00   00000040  00000022  0000001e  RWIX
  EQEP2                 00006b40   00000040  00000022  0000001e  RWIX
  HRCAP3                00006c80   00000020  00000020  00000000  RWIX
  HRCAP4                00006ca0   00000020  00000020  00000000  RWIX
  GPIOCTRL              00006f80   00000040  00000040  00000000  RWIX
  GPIODAT               00006fc0   00000020  00000020  00000000  RWIX
  GPIOINT               00006fe0   00000020  00000020  00000000  RWIX
  SYSTEM                00007010   00000030  00000030  00000000  RWIX
  SPIA                  00007040   00000010  00000010  00000000  RWIX
  SCIA                  00007050   00000010  00000010  00000000  RWIX
  NMIINTRUPT            00007060   00000010  00000010  00000000  RWIX
  XINTRUPT              00007070   00000010  00000010  00000000  RWIX
  ADC                   00007100   00000080  00000050  00000030  RWIX
  SPIB                  00007740   00000010  00000010  00000000  RWIX
  SCIB                  00007750   00000010  00000010  00000000  RWIX
  I2CA                  00007900   00000040  00000022  0000001e  RWIX
  RAML2_3               00008c00   00001400  00000032  000013ce  RWIX
  RAML4                 0000a000   00002000  00000000  00002000  RWIX
  RAML5                 0000c000   00002000  00000000  00002000  RWIX
  RAML6                 0000e000   00002000  00000000  00002000  RWIX
  RAML7                 00010000   00002000  00000000  00002000  RWIX
  RAML8                 00012000   00001800  00000000  00001800  RWIX
  USB_RAM               00040000   00000800  00000000  00000800  RWIX
  PARTID                003d7e80   00000001  00000001  00000000  RWIX
  CSM_PWL               003f7ff8   00000008  00000008  00000000  RWIX


SECTION ALLOCATION MAP

 output                                  attributes/
section   page    origin      length       input sections
--------  ----  ----------  ----------   ----------------
ramfuncs   0    003e8000    00000100     RUN ADDR = 00008000
                  003e8000    000000a9     resolver.obj (ramfuncs)
                  003e80a9    00000031     main.obj (ramfuncs:retain)
                  003e80da    00000022     hal.obj (ramfuncs)
                  003e80fc    00000004     F2806x_usDelay.obj (ramfuncs)

.text      0    003f0000    00000393     
                  003f0000    0000019a     hal.obj (.text)
                  003f019a    000000f0     resolver.obj (.text)
                  003f028a    00000056     rts2800_fpu32.lib : boot28.obj (.text)
                  003f02e0    00000029                       : exit.obj (.text)
                  003f0309    00000024                       : cpy_tbl.obj (.text)
                  003f032d    0000001e                       : memcpy.obj (.text)
                  003f034b    0000001b     main.obj (.text)
                  003f0366    00000019     rts2800_fpu32.lib : args_main.obj (.text)
                  003f037f    00000009                       : _lock.obj (.text)
                  003f0388    00000008     F2806x_CodeStartBranch.obj (.text)
                  003f0390    00000002     rts2800_fpu32.lib : pre_init.obj (.text)
                  003f0392    00000001                       : startup.obj (.text)

IQmath     0    003f0393    000000ba     
                  003f0393    00000088     IQmath_fpu32.lib : IQ19atan2PU.obj (IQmath)
                  003f041b    00000029                      : IQ19sinPU.obj (IQmath)
                  003f0444    00000009                      : IQ19int.obj (IQmath)

.cinit     0    003f044d    0000001a     
                  003f044d    0000000e     rts2800_fpu32.lib : exit.obj (.cinit)
                  003f045b    00000005                       : _lock.obj (.cinit:__lock)
                  003f0460    00000005                       : _lock.obj (.cinit:__unlock)
                  003f0465    00000002     --HOLE-- [fill = 0]

.pinit     0    003f0000    00000000     UNINITIALIZED

codestart 
*          0    003f7ff6    00000002     
                  003f7ff6    00000002     F2806x_CodeStartBranch.obj (codestart)

IQmathTables 
*          0    003fdc30    00000b50     NOLOAD SECTION
                  003fdc30    00000b50     IQmath_fpu32.lib : IQmathTables.obj (IQmathTables)

.stack     1    00000050    00000300     UNINITIALIZED
                  00000050    00000300     --HOLE--

DevEmuRegsFile 
*          1    00000880    00000004     UNINITIALIZED
                  00000880    00000004     F2806x_GlobalVariableDefs.obj (DevEmuRegsFile)

SysPwrCtrlRegsFile 
*          1    00000985    00000003     UNINITIALIZED
                  00000985    00000003     F2806x_GlobalVariableDefs.obj (SysPwrCtrlRegsFile)

FlashRegsFile 
*          1    00000a80    00000008     UNINITIALIZED
                  00000a80    00000008     F2806x_GlobalVariableDefs.obj (FlashRegsFile)

CsmRegsFile 
*          1    00000ae0    00000010     UNINITIALIZED
                  00000ae0    00000010     F2806x_GlobalVariableDefs.obj (CsmRegsFile)

AdcResultFile 
*          1    00000b00    00000010     UNINITIALIZED
                  00000b00    00000010     F2806x_GlobalVariableDefs.obj (AdcResultFile)

CpuTimer0RegsFile 
*          1    00000c00    00000008     UNINITIALIZED
                  00000c00    00000008     F2806x_GlobalVariableDefs.obj (CpuTimer0RegsFile)

CpuTimer1RegsFile 
*          1    00000c08    00000008     UNINITIALIZED
                  00000c08    00000008     F2806x_GlobalVariableDefs.obj (CpuTimer1RegsFile)

CpuTimer2RegsFile 
*          1    00000c10    00000008     UNINITIALIZED
                  00000c10    00000008     F2806x_GlobalVariableDefs.obj (CpuTimer2RegsFile)

PieCtrlRegsFile 
*          1    00000ce0    0000001a     UNINITIALIZED
                  00000ce0    0000001a     F2806x_GlobalVariableDefs.obj (PieCtrlRegsFile)

PieVectTableFile 
*          1    00000d00    00000100     UNINITIALIZED
                  00000d00    00000100     F2806x_GlobalVariableDefs.obj (PieVectTableFile)

EmuKeyVar 
*          1    00000d00    00000001     UNINITIALIZED
                  00000d00    00000001     F2806x_GlobalVariableDefs.obj (EmuKeyVar)

EmuBModeVar 
*          1    00000d01    00000001     UNINITIALIZED
                  00000d01    00000001     F2806x_GlobalVariableDefs.obj (EmuBModeVar)

FlashCallbackVar 
*          1    00000d02    00000002     UNINITIALIZED
                  00000d02    00000002     F2806x_GlobalVariableDefs.obj (FlashCallbackVar)

FlashScalingVar 
*          1    00000d04    00000002     UNINITIALIZED
                  00000d04    00000002     F2806x_GlobalVariableDefs.obj (FlashScalingVar)

DmaRegsFile 
*          1    00001000    000000e0     UNINITIALIZED
                  00001000    000000e0     F2806x_GlobalVariableDefs.obj (DmaRegsFile)

Cla1RegsFile 
*          1    00001400    00000040     UNINITIALIZED
                  00001400    00000040     F2806x_GlobalVariableDefs.obj (Cla1RegsFile)

Usb0RegsFile 
*          1    00004000    00000454     UNINITIALIZED
                  00004000    00000454     F2806x_GlobalVariableDefs.obj (Usb0RegsFile)

McbspaRegsFile 
*          1    00005000    00000024     UNINITIALIZED
                  00005000    00000024     F2806x_GlobalVariableDefs.obj (McbspaRegsFile)

ECanaRegsFile 
*          1    00006000    00000034     UNINITIALIZED
                  00006000    00000034     F2806x_GlobalVariableDefs.obj (ECanaRegsFile)

ECanaLAMRegsFile 
*          1    00006040    00000040     UNINITIALIZED
                  00006040    00000040     F2806x_GlobalVariableDefs.obj (ECanaLAMRegsFile)

ECanaMOTSRegsFile 
*          1    00006080    00000040     UNINITIALIZED
                  00006080    00000040     F2806x_GlobalVariableDefs.obj (ECanaMOTSRegsFile)

ECanaMOTORegsFile 
*          1    000060c0    00000040     UNINITIALIZED
                  000060c0    00000040     F2806x_GlobalVariableDefs.obj (ECanaMOTORegsFile)

ECanaMboxesFile 
*          1    00006100    00000100     UNINITIALIZED
                  00006100    00000100     F2806x_GlobalVariableDefs.obj (ECanaMboxesFile)

Comp1RegsFile 
*          1    00006400    00000014     UNINITIALIZED
                  00006400    00000014     F2806x_GlobalVariableDefs.obj (Comp1RegsFile)

Comp2RegsFile 
*          1    00006420    00000014     UNINITIALIZED
                  00006420    00000014     F2806x_GlobalVariableDefs.obj (Comp2RegsFile)

Comp3RegsFile 
*          1    00006440    00000014     UNINITIALIZED
                  00006440    00000014     F2806x_GlobalVariableDefs.obj (Comp3RegsFile)

EPwm1RegsFile 
*          1    00006800    00000040     UNINITIALIZED
                  00006800    00000040     F2806x_GlobalVariableDefs.obj (EPwm1RegsFile)

EPwm2RegsFile 
*          1    00006840    00000040     UNINITIALIZED
                  00006840    00000040     F2806x_GlobalVariableDefs.obj (EPwm2RegsFile)

EPwm3RegsFile 
*          1    00006880    00000040     UNINITIALIZED
                  00006880    00000040     F2806x_GlobalVariableDefs.obj (EPwm3RegsFile)

EPwm4RegsFile 
*          1    000068c0    00000040     UNINITIALIZED
                  000068c0    00000040     F2806x_GlobalVariableDefs.obj (EPwm4RegsFile)

EPwm5RegsFile 
*          1    00006900    00000040     UNINITIALIZED
                  00006900    00000040     F2806x_GlobalVariableDefs.obj (EPwm5RegsFile)

EPwm6RegsFile 
*          1    00006940    00000040     UNINITIALIZED
                  00006940    00000040     F2806x_GlobalVariableDefs.obj (EPwm6RegsFile)

EPwm7RegsFile 
*          1    00006980    00000040     UNINITIALIZED
                  00006980    00000040     F2806x_GlobalVariableDefs.obj (EPwm7RegsFile)

EPwm8RegsFile 
*          1    000069c0    00000040     UNINITIALIZED
                  000069c0    00000040     F2806x_GlobalVariableDefs.obj (EPwm8RegsFile)

ECap1RegsFile 
*          1    00006a00    00000020     UNINITIALIZED
                  00006a00    00000020     F2806x_GlobalVariableDefs.obj (ECap1RegsFile)

ECap2RegsFile 
*          1    00006a20    00000020     UNINITIALIZED
                  00006a20    00000020     F2806x_GlobalVariableDefs.obj (ECap2RegsFile)

ECap3RegsFile 
*          1    00006a40    00000020     UNINITIALIZED
                  00006a40    00000020     F2806x_GlobalVariableDefs.obj (ECap3RegsFile)

HRCap1RegsFile 
*          1    00006ac0    00000020     UNINITIALIZED
                  00006ac0    00000020     F2806x_GlobalVariableDefs.obj (HRCap1RegsFile)

HRCap2RegsFile 
*          1    00006ae0    00000020     UNINITIALIZED
                  00006ae0    00000020     F2806x_GlobalVariableDefs.obj (HRCap2RegsFile)

EQep1RegsFile 
*          1    00006b00    00000022     UNINITIALIZED
                  00006b00    00000022     F2806x_GlobalVariableDefs.obj (EQep1RegsFile)

EQep2RegsFile 
*          1    00006b40    00000022     UNINITIALIZED
                  00006b40    00000022     F2806x_GlobalVariableDefs.obj (EQep2RegsFile)

HRCap3RegsFile 
*          1    00006c80    00000020     UNINITIALIZED
                  00006c80    00000020     F2806x_GlobalVariableDefs.obj (HRCap3RegsFile)

HRCap4RegsFile 
*          1    00006ca0    00000020     UNINITIALIZED
                  00006ca0    00000020     F2806x_GlobalVariableDefs.obj (HRCap4RegsFile)

GpioCtrlRegsFile 
*          1    00006f80    00000040     UNINITIALIZED
                  00006f80    00000040     F2806x_GlobalVariableDefs.obj (GpioCtrlRegsFile)

GpioDataRegsFile 
*          1    00006fc0    00000020     UNINITIALIZED
                  00006fc0    00000020     F2806x_GlobalVariableDefs.obj (GpioDataRegsFile)

GpioIntRegsFile 
*          1    00006fe0    00000020     UNINITIALIZED
                  00006fe0    00000020     F2806x_GlobalVariableDefs.obj (GpioIntRegsFile)

SysCtrlRegsFile 
*          1    00007010    00000030     UNINITIALIZED
                  00007010    00000030     F2806x_GlobalVariableDefs.obj (SysCtrlRegsFile)

SpiaRegsFile 
*          1    00007040    00000010     UNINITIALIZED
                  00007040    00000010     F2806x_GlobalVariableDefs.obj (SpiaRegsFile)

SciaRegsFile 
*          1    00007050    00000010     UNINITIALIZED
                  00007050    00000010     F2806x_GlobalVariableDefs.obj (SciaRegsFile)

NmiIntruptRegsFile 
*          1    00007060    00000010     UNINITIALIZED
                  00007060    00000010     F2806x_GlobalVariableDefs.obj (NmiIntruptRegsFile)

XIntruptRegsFile 
*          1    00007070    00000010     UNINITIALIZED
                  00007070    00000010     F2806x_GlobalVariableDefs.obj (XIntruptRegsFile)

AdcRegsFile 
*          1    00007100    00000050     UNINITIALIZED
                  00007100    00000050     F2806x_GlobalVariableDefs.obj (AdcRegsFile)

SpibRegsFile 
*          1    00007740    00000010     UNINITIALIZED
                  00007740    00000010     F2806x_GlobalVariableDefs.obj (SpibRegsFile)

ScibRegsFile 
*          1    00007750    00000010     UNINITIALIZED
                  00007750    00000010     F2806x_GlobalVariableDefs.obj (ScibRegsFile)

I2caRegsFile 
*          1    00007900    00000022     UNINITIALIZED
                  00007900    00000022     F2806x_GlobalVariableDefs.obj (I2caRegsFile)

.ebss      1    00008c00    00000032     UNINITIALIZED
                  00008c00    00000028     main.obj (.ebss)
                  00008c28    00000006     rts2800_fpu32.lib : exit.obj (.ebss)
                  00008c2e    00000002                       : _lock.obj (.ebss:__lock)
                  00008c30    00000002                       : _lock.obj (.ebss:__unlock)

.reset     0    003fffc0    00000002     DSECT
                  003fffc0    00000002     rts2800_fpu32.lib : boot28.obj (.reset)

vectors    0    003fffc2    00000000     DSECT

PartIdRegsFile 
*          1    003d7e80    00000001     UNINITIALIZED
                  003d7e80    00000001     F2806x_GlobalVariableDefs.obj (PartIdRegsFile)

CsmPwlFile 
*          1    003f7ff8    00000008     UNINITIALIZED
                  003f7ff8    00000008     F2806x_GlobalVariableDefs.obj (CsmPwlFile)

MODULE SUMMARY

       Module                          code   initialized data   uninitialized data
       ------                          ----   ----------------   ------------------
    .\
       F2806x_GlobalVariableDefs.obj   0      0                  3550              
       resolver.obj                    578    0                  0                 
       hal.obj                         478    0                  0                 
       main.obj                        125    0                  40                
       F2806x_CodeStartBranch.obj      10     0                  0                 
       F2806x_usDelay.obj              8      0                  0                 
    +--+-------------------------------+------+------------------+--------------------+
       Total:                          1199   0                  3590              
                                                                                   
    ../include/IQmath_fpu32.lib
       IQmathTables.obj                0      2896               0                 
       IQ19atan2PU.obj                 136    0                  0                 
       IQ19sinPU.obj                   41     0                  0                 
       IQ19int.obj                     9      0                  0                 
    +--+-------------------------------+------+------------------+--------------------+
       Total:                          186    2896               0                 
                                                                                   
    C:\ti\ccsv7\tools\compiler\ti-cgt-c2000_16.9.1.LTS\lib\rts2800_fpu32.lib
       boot28.obj                      86     0                  0                 
       exit.obj                        41     14                 6                 
       cpy_tbl.obj                     36     0                  0                 
       memcpy.obj                      30     0                  0                 
       args_main.obj                   25     0                  0                 
       _lock.obj                       9      10                 4                 
       pre_init.obj                    2      0                  0                 
       startup.obj                     1      0                  0                 
    +--+-------------------------------+------+------------------+--------------------+
       Total:                          230    24                 10                
                                                                                   
       Stack:                          0      0                  768               
    +--+-------------------------------+------+------------------+--------------------+
       Grand Total:                    1615   2920               4368              


GLOBAL DATA SYMBOLS: SORTED BY DATA PAGE

address     data page           name
--------    ----------------    ----
00000050       1 (00000040)     __stack

00000880      22 (00000880)     _DevEmuRegs

00000985      26 (00000980)     _SysPwrCtrlRegs

00000a80      2a (00000a80)     _FlashRegs

00000ae0      2b (00000ac0)     _CsmRegs

00000b00      2c (00000b00)     _AdcResult

00000c00      30 (00000c00)     _CpuTimer0Regs
00000c08      30 (00000c00)     _CpuTimer1Regs
00000c10      30 (00000c00)     _CpuTimer2Regs

00000ce0      33 (00000cc0)     _PieCtrlRegs

00000d00      34 (00000d00)     _EmuKey
00000d00      34 (00000d00)     _PieVectTable
00000d01      34 (00000d00)     _EmuBMode
00000d02      34 (00000d00)     _Flash_CallbackPtr
00000d04      34 (00000d00)     _Flash_CPUScaleFactor

00001000      40 (00001000)     _DmaRegs

00001400      50 (00001400)     _Cla1Regs

00004000     100 (00004000)     _Usb0Regs

00005000     140 (00005000)     _McbspaRegs

00006000     180 (00006000)     _ECanaRegs

00006040     181 (00006040)     _ECanaLAMRegs

00006080     182 (00006080)     _ECanaMOTSRegs

000060c0     183 (000060c0)     _ECanaMOTORegs

00006100     184 (00006100)     _ECanaMboxes

00006400     190 (00006400)     _Comp1Regs
00006420     190 (00006400)     _Comp2Regs

00006440     191 (00006440)     _Comp3Regs

00006800     1a0 (00006800)     _EPwm1Regs

00006840     1a1 (00006840)     _EPwm2Regs

00006880     1a2 (00006880)     _EPwm3Regs

000068c0     1a3 (000068c0)     _EPwm4Regs

00006900     1a4 (00006900)     _EPwm5Regs

00006940     1a5 (00006940)     _EPwm6Regs

00006980     1a6 (00006980)     _EPwm7Regs

000069c0     1a7 (000069c0)     _EPwm8Regs

00006a00     1a8 (00006a00)     _ECap1Regs
00006a20     1a8 (00006a00)     _ECap2Regs

00006a40     1a9 (00006a40)     _ECap3Regs

00006ac0     1ab (00006ac0)     _HRCap1Regs
00006ae0     1ab (00006ac0)     _HRCap2Regs

00006b00     1ac (00006b00)     _EQep1Regs

00006b40     1ad (00006b40)     _EQep2Regs

00006c80     1b2 (00006c80)     _HRCap3Regs
00006ca0     1b2 (00006c80)     _HRCap4Regs

00006f80     1be (00006f80)     _GpioCtrlRegs

00006fc0     1bf (00006fc0)     _GpioDataRegs
00006fe0     1bf (00006fc0)     _GpioIntRegs

00007010     1c0 (00007000)     _SysCtrlRegs

00007040     1c1 (00007040)     _SpiaRegs
00007050     1c1 (00007040)     _SciaRegs
00007060     1c1 (00007040)     _NmiIntruptRegs
00007070     1c1 (00007040)     _XIntruptRegs

00007100     1c4 (00007100)     _AdcRegs

00007740     1dd (00007740)     _SpibRegs
00007750     1dd (00007740)     _ScibRegs

00007900     1e4 (00007900)     _I2caRegs

00008c00     230 (00008c00)     _res
00008c28     230 (00008c00)     ___TI_enable_exit_profile_output
00008c2a     230 (00008c00)     ___TI_cleanup_ptr
00008c2c     230 (00008c00)     ___TI_dtors_ptr
00008c2e     230 (00008c00)     __lock
00008c30     230 (00008c00)     __unlock

003d7e80    f5fa (003d7e80)     _PartIdRegs

003f7ff8    fdff (003f7fc0)     _CsmPwl

003fdc30    ff70 (003fdc00)     _IQsinTable

003fdd30    ff74 (003fdd00)     _IQcosTable

003fe030    ff80 (003fe000)     _IQsinTableEnd

003fe132    ff84 (003fe100)     _IQcosTableEnd
003fe132    ff84 (003fe100)     _IQdivRoundSatTable

003fe140    ff85 (003fe140)     _IQdivTable

003fe342    ff8d (003fe340)     _IQdivTableEnd
003fe342    ff8d (003fe340)     _IQisqrtRoundSatTable
003fe342    ff8d (003fe340)     _IQsqrtRoundSatTable
003fe352    ff8d (003fe340)     _IQisqrtTable
003fe352    ff8d (003fe340)     _IQsqrtTable

003fe454    ff91 (003fe440)     _IQatan2HalfPITable
003fe454    ff91 (003fe440)     _IQisqrtTableEnd
003fe454    ff91 (003fe440)     _IQsqrtTableEnd

003fe492    ff92 (003fe480)     _IQatan2Table

003fe618    ff98 (003fe600)     _IQ30mpyRndSatTable
003fe618    ff98 (003fe600)     _IQatan2TableEnd
003fe618    ff98 (003fe600)     _IQmpyRndSatTable
003fe624    ff98 (003fe600)     _IQ29mpyRndSatTable
003fe630    ff98 (003fe600)     _IQ28mpyRndSatTable
003fe63c    ff98 (003fe600)     _IQ27mpyRndSatTable

003fe648    ff99 (003fe640)     _IQ26mpyRndSatTable
003fe654    ff99 (003fe640)     _IQ25mpyRndSatTable
003fe660    ff99 (003fe640)     _IQ24mpyRndSatTable
003fe66c    ff99 (003fe640)     _IQ23mpyRndSatTable
003fe678    ff99 (003fe640)     _IQ22mpyRndSatTable

003fe684    ff9a (003fe680)     _IQ21mpyRndSatTable
003fe690    ff9a (003fe680)     _IQ20mpyRndSatTable
003fe69c    ff9a (003fe680)     _IQ19mpyRndSatTable
003fe6a8    ff9a (003fe680)     _IQ18mpyRndSatTable
003fe6b4    ff9a (003fe680)     _IQ17mpyRndSatTable

003fe6c0    ff9b (003fe6c0)     _IQ16mpyRndSatTable
003fe6cc    ff9b (003fe6c0)     _IQ15mpyRndSatTable
003fe6d8    ff9b (003fe6c0)     _IQ14mpyRndSatTable
003fe6e4    ff9b (003fe6c0)     _IQ13mpyRndSatTable
003fe6f0    ff9b (003fe6c0)     _IQ12mpyRndSatTable
003fe6fc    ff9b (003fe6c0)     _IQ11mpyRndSatTable

003fe708    ff9c (003fe700)     _IQ10mpyRndSatTable
003fe714    ff9c (003fe700)     _IQ9mpyRndSatTable
003fe720    ff9c (003fe700)     _IQ8mpyRndSatTable
003fe72c    ff9c (003fe700)     _IQ7mpyRndSatTable
003fe738    ff9c (003fe700)     _IQ6mpyRndSatTable

003fe744    ff9d (003fe740)     _IQ5mpyRndSatTable
003fe750    ff9d (003fe740)     _IQ4mpyRndSatTable
003fe75c    ff9d (003fe740)     _IQ3mpyRndSatTable
003fe768    ff9d (003fe740)     _IQ2mpyRndSatTable
003fe774    ff9d (003fe740)     _IQ1mpyRndSatTable

003fe780    ff9e (003fe780)     _IQmpyRndSatTableEnd


GLOBAL SYMBOLS: SORTED ALPHABETICALLY BY Name 

page  address   name                            
----  -------   ----                            
0     003f0000  .text                           
0     003f02e0  C$$EXIT                         
1     00007100  _AdcRegs                        
1     00000b00  _AdcResult                      
1     00001400  _Cla1Regs                       
1     00006400  _Comp1Regs                      
1     00006420  _Comp2Regs                      
1     00006440  _Comp3Regs                      
1     00000c00  _CpuTimer0Regs                  
1     00000c08  _CpuTimer1Regs                  
1     00000c10  _CpuTimer2Regs                  
1     003f7ff8  _CsmPwl                         
1     00000ae0  _CsmRegs                        
0     000080fc  _DSP28x_usDelay                 
1     00000880  _DevEmuRegs                     
1     00001000  _DmaRegs                        
1     00006040  _ECanaLAMRegs                   
1     000060c0  _ECanaMOTORegs                  
1     00006080  _ECanaMOTSRegs                  
1     00006100  _ECanaMboxes                    
1     00006000  _ECanaRegs                      
1     00006a00  _ECap1Regs                      
1     00006a20  _ECap2Regs                      
1     00006a40  _ECap3Regs                      
1     00006800  _EPwm1Regs                      
1     00006840  _EPwm2Regs                      
1     00006880  _EPwm3Regs                      
1     000068c0  _EPwm4Regs                      
1     00006900  _EPwm5Regs                      
1     00006940  _EPwm6Regs                      
1     00006980  _EPwm7Regs                      
1     000069c0  _EPwm8Regs                      
1     00006b00  _EQep1Regs                      
1     00006b40  _EQep2Regs                      
1     00000d01  _EmuBMode                       
1     00000d00  _EmuKey                         
1     00000a80  _FlashRegs                      
1     00000d04  _Flash_CPUScaleFactor           
1     00000d02  _Flash_CallbackPtr              
1     00006f80  _GpioCtrlRegs                   
1     00006fc0  _GpioDataRegs                   
1     00006fe0  _GpioIntRegs                    
1     00006ac0  _HRCap1Regs                     
1     00006ae0  _HRCap2Regs                     
1     00006c80  _HRCap3Regs                     
1     00006ca0  _HRCap4Regs                     
1     00007900  _I2caRegs                       
0     003fe708  _IQ10mpyRndSatTable             
0     003fe6fc  _IQ11mpyRndSatTable             
0     003fe6f0  _IQ12mpyRndSatTable             
0     003fe6e4  _IQ13mpyRndSatTable             
0     003fe6d8  _IQ14mpyRndSatTable             
0     003fe6cc  _IQ15mpyRndSatTable             
0     003fe6c0  _IQ16mpyRndSatTable             
0     003fe6b4  _IQ17mpyRndSatTable             
0     003fe6a8  _IQ18mpyRndSatTable             
0     003fe69c  _IQ19mpyRndSatTable             
0     003fe774  _IQ1mpyRndSatTable              
0     003fe690  _IQ20mpyRndSatTable             
0     003fe684  _IQ21mpyRndSatTable             
0     003fe678  _IQ22mpyRndSatTable             
0     003fe66c  _IQ23mpyRndSatTable             
0     003fe660  _IQ24mpyRndSatTable             
0     003fe654  _IQ25mpyRndSatTable             
0     003fe648  _IQ26mpyRndSatTable             
0     003fe63c  _IQ27mpyRndSatTable             
0     003fe630  _IQ28mpyRndSatTable             
0     003fe624  _IQ29mpyRndSatTable             
0     003fe768  _IQ2mpyRndSatTable              
0     003fe618  _IQ30mpyRndSatTable             
0     003fe75c  _IQ3mpyRndSatTable              
0     003fe750  _IQ4mpyRndSatTable              
0     003fe744  _IQ5mpyRndSatTable              
0     003fe738  _IQ6mpyRndSatTable              
0     003fe72c  _IQ7mpyRndSatTable              
0     003fe720  _IQ8mpyRndSatTable              
0     003fe714  _IQ9mpyRndSatTable              
0     003fe454  _IQatan2HalfPITable             
0     003fe492  _IQatan2Table                   
0     003fe618  _IQatan2TableEnd                
0     003fdd30  _IQcosTable                     
0     003fe132  _IQcosTableEnd                  
0     003fe132  _IQdivRoundSatTable             
0     003fe140  _IQdivTable                     
0     003fe342  _IQdivTableEnd                  
0     003fe342  _IQisqrtRoundSatTable           
0     003fe352  _IQisqrtTable                   
0     003fe454  _IQisqrtTableEnd                
0     003fe618  _IQmpyRndSatTable               
0     003fe780  _IQmpyRndSatTableEnd            
0     003fdc30  _IQsinTable                     
0     003fe030  _IQsinTableEnd                  
0     003fe342  _IQsqrtRoundSatTable            
0     003fe352  _IQsqrtTable                    
0     003fe454  _IQsqrtTableEnd                 
1     00005000  _McbspaRegs                     
1     00007060  _NmiIntruptRegs                 
1     003d7e80  _PartIdRegs                     
1     00000ce0  _PieCtrlRegs                    
1     00000d00  _PieVectTable                   
0     003e8100  _RamfuncsLoadEnd                
abs   00000100  _RamfuncsLoadSize               
0     003e8000  _RamfuncsLoadStart              
0     00008000  _RamfuncsRunStart               
1     00007050  _SciaRegs                       
1     00007750  _ScibRegs                       
1     00007040  _SpiaRegs                       
1     00007740  _SpibRegs                       
1     00007010  _SysCtrlRegs                    
1     00000985  _SysPwrCtrlRegs                 
1     00004000  _Usb0Regs                       
1     00007070  _XIntruptRegs                   
0     003f0393  __IQ19atan2PU                   
0     003f0444  __IQ19int                       
0     003f041b  __IQ19sinPU                     
1     00000350  __STACK_END                     
abs   00000300  __STACK_SIZE                    
1     00008c2a  ___TI_cleanup_ptr               
1     00008c2c  ___TI_dtors_ptr                 
1     00008c28  ___TI_enable_exit_profile_output
abs   ffffffff  ___TI_pprof_out_hndl            
abs   ffffffff  ___TI_prof_data_size            
abs   ffffffff  ___TI_prof_data_start           
abs   ffffffff  ___binit__                      
abs   ffffffff  ___c_args__                     
0     003f044d  ___cinit__                      
0     003f0393  ___etext__                      
abs   ffffffff  ___pinit__                      
0     003f0000  ___text__                       
0     003f0366  __args_main                     
1     00008c2e  __lock                          
0     003f0387  __nop                           
0     003f0383  __register_lock                 
0     003f037f  __register_unlock               
1     00000050  __stack                         
0     003f0392  __system_post_cinit             
0     003f0390  __system_pre_init               
1     00008c30  __unlock                        
0     003f02e0  _abort                          
0     003f028a  _c_int00                        
0     003f0309  _copy_in                        
0     000080a9  _epwm1_isr                      
0     003f02e2  _exit                           
0     003f001d  _hal_Assert                     
0     000080f3  _hal_ClearePWMFlags             
0     003f0015  _hal_DisableWDT                 
0     003f0197  _hal_GlobalIsrDisable           
0     003f0194  _hal_GlobalIsrEnable            
0     003f0107  _hal_InitADC                    
0     000080da  _hal_InitFlash                  
0     003f008b  _hal_InitGPIOs                  
0     003f00a6  _hal_InitPIE                    
0     003f00dd  _hal_InitPWM                    
0     003f005e  _hal_InitPeripheralClocks       
0     003f001f  _hal_InitPll                    
0     003f0175  _hal_InitSysCtrl                
0     003f0005  _hal_IntOsc1Sel                 
0     003f0000  _hal_toggle_LED                 
0     003f034b  _main                           
0     003f032d  _memcpy                         
1     00008c00  _res                            
0     003f01bd  _res_CalcAngle                  
0     003f019a  _res_CalcAngleScatered          
0     003f0226  _res_DCoffsetCalibration        
0     003f0225  _res_Diag                       
0     003f01ee  _res_FindSamplAngle             
0     003f01dc  _res_Init                       
0     00008000  _res_PWMInterrupt               
abs   ffffffff  binit                           
0     003f044d  cinit                           
0     003f7ff6  code_start                      
0     003f0393  etext                           
abs   ffffffff  pinit                           


GLOBAL SYMBOLS: SORTED BY Symbol Address 

page  address   name                            
----  -------   ----                            
0     00008000  _RamfuncsRunStart               
0     00008000  _res_PWMInterrupt               
0     000080a9  _epwm1_isr                      
0     000080da  _hal_InitFlash                  
0     000080f3  _hal_ClearePWMFlags             
0     000080fc  _DSP28x_usDelay                 
0     003e8000  _RamfuncsLoadStart              
0     003e8100  _RamfuncsLoadEnd                
0     003f0000  .text                           
0     003f0000  ___text__                       
0     003f0000  _hal_toggle_LED                 
0     003f0005  _hal_IntOsc1Sel                 
0     003f0015  _hal_DisableWDT                 
0     003f001d  _hal_Assert                     
0     003f001f  _hal_InitPll                    
0     003f005e  _hal_InitPeripheralClocks       
0     003f008b  _hal_InitGPIOs                  
0     003f00a6  _hal_InitPIE                    
0     003f00dd  _hal_InitPWM                    
0     003f0107  _hal_InitADC                    
0     003f0175  _hal_InitSysCtrl                
0     003f0194  _hal_GlobalIsrEnable            
0     003f0197  _hal_GlobalIsrDisable           
0     003f019a  _res_CalcAngleScatered          
0     003f01bd  _res_CalcAngle                  
0     003f01dc  _res_Init                       
0     003f01ee  _res_FindSamplAngle             
0     003f0225  _res_Diag                       
0     003f0226  _res_DCoffsetCalibration        
0     003f028a  _c_int00                        
0     003f02e0  C$$EXIT                         
0     003f02e0  _abort                          
0     003f02e2  _exit                           
0     003f0309  _copy_in                        
0     003f032d  _memcpy                         
0     003f034b  _main                           
0     003f0366  __args_main                     
0     003f037f  __register_unlock               
0     003f0383  __register_lock                 
0     003f0387  __nop                           
0     003f0390  __system_pre_init               
0     003f0392  __system_post_cinit             
0     003f0393  __IQ19atan2PU                   
0     003f0393  ___etext__                      
0     003f0393  etext                           
0     003f041b  __IQ19sinPU                     
0     003f0444  __IQ19int                       
0     003f044d  ___cinit__                      
0     003f044d  cinit                           
0     003f7ff6  code_start                      
0     003fdc30  _IQsinTable                     
0     003fdd30  _IQcosTable                     
0     003fe030  _IQsinTableEnd                  
0     003fe132  _IQcosTableEnd                  
0     003fe132  _IQdivRoundSatTable             
0     003fe140  _IQdivTable                     
0     003fe342  _IQdivTableEnd                  
0     003fe342  _IQisqrtRoundSatTable           
0     003fe342  _IQsqrtRoundSatTable            
0     003fe352  _IQisqrtTable                   
0     003fe352  _IQsqrtTable                    
0     003fe454  _IQatan2HalfPITable             
0     003fe454  _IQisqrtTableEnd                
0     003fe454  _IQsqrtTableEnd                 
0     003fe492  _IQatan2Table                   
0     003fe618  _IQ30mpyRndSatTable             
0     003fe618  _IQatan2TableEnd                
0     003fe618  _IQmpyRndSatTable               
0     003fe624  _IQ29mpyRndSatTable             
0     003fe630  _IQ28mpyRndSatTable             
0     003fe63c  _IQ27mpyRndSatTable             
0     003fe648  _IQ26mpyRndSatTable             
0     003fe654  _IQ25mpyRndSatTable             
0     003fe660  _IQ24mpyRndSatTable             
0     003fe66c  _IQ23mpyRndSatTable             
0     003fe678  _IQ22mpyRndSatTable             
0     003fe684  _IQ21mpyRndSatTable             
0     003fe690  _IQ20mpyRndSatTable             
0     003fe69c  _IQ19mpyRndSatTable             
0     003fe6a8  _IQ18mpyRndSatTable             
0     003fe6b4  _IQ17mpyRndSatTable             
0     003fe6c0  _IQ16mpyRndSatTable             
0     003fe6cc  _IQ15mpyRndSatTable             
0     003fe6d8  _IQ14mpyRndSatTable             
0     003fe6e4  _IQ13mpyRndSatTable             
0     003fe6f0  _IQ12mpyRndSatTable             
0     003fe6fc  _IQ11mpyRndSatTable             
0     003fe708  _IQ10mpyRndSatTable             
0     003fe714  _IQ9mpyRndSatTable              
0     003fe720  _IQ8mpyRndSatTable              
0     003fe72c  _IQ7mpyRndSatTable              
0     003fe738  _IQ6mpyRndSatTable              
0     003fe744  _IQ5mpyRndSatTable              
0     003fe750  _IQ4mpyRndSatTable              
0     003fe75c  _IQ3mpyRndSatTable              
0     003fe768  _IQ2mpyRndSatTable              
0     003fe774  _IQ1mpyRndSatTable              
0     003fe780  _IQmpyRndSatTableEnd            
1     00000050  __stack                         
1     00000350  __STACK_END                     
1     00000880  _DevEmuRegs                     
1     00000985  _SysPwrCtrlRegs                 
1     00000a80  _FlashRegs                      
1     00000ae0  _CsmRegs                        
1     00000b00  _AdcResult                      
1     00000c00  _CpuTimer0Regs                  
1     00000c08  _CpuTimer1Regs                  
1     00000c10  _CpuTimer2Regs                  
1     00000ce0  _PieCtrlRegs                    
1     00000d00  _EmuKey                         
1     00000d00  _PieVectTable                   
1     00000d01  _EmuBMode                       
1     00000d02  _Flash_CallbackPtr              
1     00000d04  _Flash_CPUScaleFactor           
1     00001000  _DmaRegs                        
1     00001400  _Cla1Regs                       
1     00004000  _Usb0Regs                       
1     00005000  _McbspaRegs                     
1     00006000  _ECanaRegs                      
1     00006040  _ECanaLAMRegs                   
1     00006080  _ECanaMOTSRegs                  
1     000060c0  _ECanaMOTORegs                  
1     00006100  _ECanaMboxes                    
1     00006400  _Comp1Regs                      
1     00006420  _Comp2Regs                      
1     00006440  _Comp3Regs                      
1     00006800  _EPwm1Regs                      
1     00006840  _EPwm2Regs                      
1     00006880  _EPwm3Regs                      
1     000068c0  _EPwm4Regs                      
1     00006900  _EPwm5Regs                      
1     00006940  _EPwm6Regs                      
1     00006980  _EPwm7Regs                      
1     000069c0  _EPwm8Regs                      
1     00006a00  _ECap1Regs                      
1     00006a20  _ECap2Regs                      
1     00006a40  _ECap3Regs                      
1     00006ac0  _HRCap1Regs                     
1     00006ae0  _HRCap2Regs                     
1     00006b00  _EQep1Regs                      
1     00006b40  _EQep2Regs                      
1     00006c80  _HRCap3Regs                     
1     00006ca0  _HRCap4Regs                     
1     00006f80  _GpioCtrlRegs                   
1     00006fc0  _GpioDataRegs                   
1     00006fe0  _GpioIntRegs                    
1     00007010  _SysCtrlRegs                    
1     00007040  _SpiaRegs                       
1     00007050  _SciaRegs                       
1     00007060  _NmiIntruptRegs                 
1     00007070  _XIntruptRegs                   
1     00007100  _AdcRegs                        
1     00007740  _SpibRegs                       
1     00007750  _ScibRegs                       
1     00007900  _I2caRegs                       
1     00008c00  _res                            
1     00008c28  ___TI_enable_exit_profile_output
1     00008c2a  ___TI_cleanup_ptr               
1     00008c2c  ___TI_dtors_ptr                 
1     00008c2e  __lock                          
1     00008c30  __unlock                        
1     003d7e80  _PartIdRegs                     
1     003f7ff8  _CsmPwl                         
abs   00000100  _RamfuncsLoadSize               
abs   00000300  __STACK_SIZE                    
abs   ffffffff  ___TI_pprof_out_hndl            
abs   ffffffff  ___TI_prof_data_size            
abs   ffffffff  ___TI_prof_data_start           
abs   ffffffff  ___binit__                      
abs   ffffffff  ___c_args__                     
abs   ffffffff  ___pinit__                      
abs   ffffffff  binit                           
abs   ffffffff  pinit                           

[173 symbols]
